cmd_fastboot.c:1671:13:fboot_reset_handler	0	static
cmd_fastboot.c:1059:13:part_lists_print	64	static
cmd_fastboot.c:919:12:parse_part_address	88	static
cmd_fastboot.c:880:12:parse_part_fs	40	static
cmd_fastboot.c:825:12:parse_part_partition	72	static
cmd_fastboot.c:186:12:mmc_make_parts	1064	static
cmd_fastboot.c:326:12:mmc_part_capacity	56	static
cmd_fastboot.c:211:12:mmc_check_part_table	288	static
cmd_fastboot.c:237:12:mmc_part_write	376	static
cmd_fastboot.c:764:12:parse_part_device	64	static
cmd_fastboot.c:1011:12:part_lists_make	56	static
cmd_fastboot.c:1664:12:fboot_cmd_oem	80	static
cmd_fastboot.c:1657:12:fboot_cmd_erase	80	static
cmd_fastboot.c:1650:12:fboot_cmd_format	80	static
cmd_fastboot.c:1643:12:fboot_cmd_boot	80	static
cmd_fastboot.c:1517:12:fboot_cmd_download	96	static
cmd_fastboot.c:1432:12:fboot_cmd_reboot	8	static
cmd_fastboot.c:1381:12:1	1072	static
cmd_fastboot.c:1269:58:f_lcd_start	0	static
cmd_fastboot.c:1270:58:f_lcd_stop	0	static
cmd_fastboot.c:1271:67:f_lcd_part	0	static
cmd_fastboot.c:1438:12:fboot_cmd_getvar	144	static
cmd_fastboot.c:1272:68:f_lcd_flash	0	static
cmd_fastboot.c:1546:12:fboot_cmd_flash	760	static
cmd_fastboot.c:1273:59:f_lcd_down	0	static
cmd_fastboot.c:1697:12:fboot_rx_handler	128	static
cmd_fastboot.c:1274:62:f_lcd_status	0	static
cmd_fastboot.c:1846:12:do_fastboot	40	static
cmd_fastboot.c:1826:6:fboot_usb_descriptor	16	static
