dwc_otg_hs.c:394:13:s3c_usb_core_soft_reset	0	static
dwc_otg_hs.c:603:13:s3c_usb_write_ep0_fifo	8	static
dwc_otg_hs.c:622:13:s3c_usb_write_in_fifo	8	static
dwc_otg_hs.c:635:13:s3c_usb_read_out_fifo	8	static
dwc_otg_hs.c:579:13:0	0	static
dwc_otg_hs.c:591:13:1	0	static
fastboot.c:104:6:____f_usb_descriptor	0	static
fastboot.c:114:6:fboot_usb_int_bulkin	16	static
fastboot.c:146:6:fboot_usb_int_bulkout	16	static
fastboot.c:167:6:fboot_usb_set_descriptors	12	static
fastboot.c:319:5:fastboot_fifo_size	0	static
fastboot.c:389:5:fastboot_getvar	0	static
dwc_otg_hs.c:480:5:s3c_usbctl_init	24	static
fastboot.c:107:5:fboot_usbctl_init	8	static
fastboot.c:273:5:fastboot_init	24	static
dwc_otg_hs.c:513:5:s3c_usbc_activate	0	static
dwc_otg_hs.c:519:5:s3c_usb_stop	8	static
fastboot.c:314:6:fastboot_shutdown	0	static
dwc_otg_hs.c:1903:5:dwc_otg_get_ep0_state	0	static
dwc_otg_hs.c:1908:6:dwc_otg_clear_ep0_state	0	static
dwc_otg_hs.c:1913:5:s3c_udc_int_hndlr	48	static
fastboot.c:240:6:fboot_usb_int_hndlr	0	static
fastboot.c:331:5:fastboot_poll	8	static
fastboot.c:364:5:fastboot_tx_status	16	static
