gpio_nxp.c:32:6:nxp_gpio_set_alt	0	static
gpio_nxp.c:45:5:nxp_gpio_get_alt	0	static
gpio_nxp.c:58:6:nxp_gpio_direction_output	16	static
gpio_nxp.c:77:6:nxp_gpio_direction_input	0	static
gpio_nxp.c:90:6:nxp_gpio_set_value	0	static
gpio_nxp.c:103:5:nxp_gpio_get_value	0	static
gpio_nxp.c:116:6:nxp_gpio_set_pull_enb	0	static
gpio_nxp.c:126:6:nxp_gpio_set_pull_sel	0	static
gpio_nxp.c:136:6:nxp_gpio_set_drv	32	static
gpio_nxp.c:171:5:nxp_gpio_get_group	0	static
gpio_nxp.c:176:5:nxp_gpio_get_pin	0	static
gpio_nxp.c:185:6:nxp_gpio_set_int_mode	16	static
gpio_nxp.c:203:6:nxp_gpio_set_int_en	0	static
gpio_nxp.c:217:5:nxp_gpio_get_int_en	0	static
gpio_nxp.c:230:5:nxp_gpio_get_int_pend	0	static
gpio_nxp.c:243:6:nxp_gpio_set_int_clear	0	static
gpio_nxp.c:258:5:gpio_request	0	static
gpio_nxp.c:263:5:gpio_free	0	static
gpio_nxp.c:268:5:gpio_direction_input	8	static
gpio_nxp.c:274:5:gpio_direction_output	8	static
gpio_nxp.c:280:5:gpio_get_value	0	static
gpio_nxp.c:285:5:gpio_set_value	8	static
