nx_displaytop.c:52:7:NX_DISPLAYTOP_Initialize	0	static
nx_displaytop.c:74:6:NX_DISPLAYTOP_GetNumberOfModule	0	static
nx_displaytop.c:88:6:NX_DISPLAYTOP_GetPhysicalAddress	0	static
nx_displaytop.c:100:6:NX_DISPLAYTOP_GetSizeOfRegisterSet	0	static
nx_displaytop.c:111:6:NX_DISPLAYTOP_SetBaseAddress	0	static
nx_displaytop.c:123:7:NX_DISPLAYTOP_GetBaseAddress	0	static
nx_displaytop.c:136:7:NX_DISPLAYTOP_OpenModule	0	static
nx_displaytop.c:148:7:NX_DISPLAYTOP_CloseModule	0	static
nx_displaytop.c:162:7:NX_DISPLAYTOP_CheckBusy	0	static
nx_displaytop.c:171:6:NX_DISPLAYTOP_SetRESCONVMUX	0	static
nx_displaytop.c:184:6:NX_DISPLAYTOP_SetHDMIMUX	0	static
nx_displaytop.c:198:6:NX_DISPLAYTOP_SetMIPIMUX	0	static
nx_displaytop.c:212:6:NX_DISPLAYTOP_SetLVDSMUX	0	static
nx_displaytop.c:227:5:NX_DISPLAYTOP_GetResetNumber	0	static
nx_displaytop.c:241:6:NX_DISPLAYTOP_SetPrimaryMUX	0	static
nx_displaytop.c:253:6:NX_DISPLAYTOP_HDMI_SetVSyncStart	0	static
nx_displaytop.c:262:6:NX_DISPLAYTOP_HDMI_SetVSyncHSStartEnd	0	static
nx_displaytop.c:272:6:NX_DISPLAYTOP_HDMI_SetHActiveStart	0	static
nx_displaytop.c:282:6:NX_DISPLAYTOP_HDMI_SetHActiveEnd	0	static
