nx_dpc.c:38:7:NX_DPC_Initialize	0	static
nx_dpc.c:62:6:NX_DPC_GetNumberOfModule	0	static
nx_dpc.c:75:6:NX_DPC_GetPhysicalAddress	8	static
nx_dpc.c:91:6:NX_DPC_GetSizeOfRegisterSet	0	static
nx_dpc.c:103:6:NX_DPC_SetBaseAddress	0	static
nx_dpc.c:117:7:NX_DPC_GetBaseAddress	0	static
nx_dpc.c:131:7:NX_DPC_OpenModule	0	static
nx_dpc.c:144:7:NX_DPC_CloseModule	0	static
nx_dpc.c:157:7:NX_DPC_CheckBusy	0	static
nx_dpc.c:170:7:NX_DPC_CanPowerDown	0	static
nx_dpc.c:185:6:NX_DPC_GetInterruptNumber	0	static
nx_dpc.c:208:6:NX_DPC_SetInterruptEnable	0	static
nx_dpc.c:242:7:NX_DPC_GetInterruptEnable	0	static
nx_dpc.c:262:6:NX_DPC_SetInterruptEnable32	0	static
nx_dpc.c:293:6:NX_DPC_GetInterruptEnable32	0	static
nx_dpc.c:313:7:NX_DPC_GetInterruptPending	0	static
nx_dpc.c:333:6:NX_DPC_GetInterruptPending32	0	static
nx_dpc.c:352:6:NX_DPC_ClearInterruptPending	0	static
nx_dpc.c:379:6:NX_DPC_ClearInterruptPending32	0	static
nx_dpc.c:406:6:NX_DPC_SetInterruptEnableAll	0	static
nx_dpc.c:438:7:NX_DPC_GetInterruptEnableAll	0	static
nx_dpc.c:456:7:NX_DPC_GetInterruptPendingAll	0	static
nx_dpc.c:473:6:NX_DPC_ClearInterruptPendingAll	0	static
nx_dpc.c:499:6:NX_DPC_GetInterruptPendingNumber	0	static
nx_dpc.c:531:8:NX_DPC_SetClockPClkMode	0	static
nx_dpc.c:567:13:NX_DPC_GetClockPClkMode	0	static
nx_dpc.c:594:6:NX_DPC_SetClockSource	0	static
nx_dpc.c:631:8:NX_DPC_GetClockSource	0	static
nx_dpc.c:652:8:NX_DPC_SetClockDivisor	0	static
nx_dpc.c:683:8:NX_DPC_GetClockDivisor	0	static
nx_dpc.c:713:8:NX_DPC_SetClockOutInv	0	static
nx_dpc.c:753:9:NX_DPC_GetClockOutInv	0	static
nx_dpc.c:783:8:NX_DPC_SetClockOutSelect	0	static
nx_dpc.c:826:9:NX_DPC_GetClockOutSelect	0	static
nx_dpc.c:862:8:NX_DPC_SetClockPolarity	0	static
nx_dpc.c:902:9:NX_DPC_GetClockPolarity	0	static
nx_dpc.c:939:8:NX_DPC_SetClockOutEnb	0	static
nx_dpc.c:982:9:NX_DPC_GetClockOutEnb	0	static
nx_dpc.c:1021:8:NX_DPC_SetClockOutDelay	0	static
nx_dpc.c:1063:8:NX_DPC_GetClockOutDelay	0	static
nx_dpc.c:1091:8:NX_DPC_SetClockDivisorEnable	0	static
nx_dpc.c:1128:9:NX_DPC_GetClockDivisorEnable	0	static
nx_dpc.c:1150:6:NX_DPC_SetDPCEnable	0	static
nx_dpc.c:1184:7:NX_DPC_GetDPCEnable	0	static
nx_dpc.c:1225:6:NX_DPC_SetDelay	0	static
nx_dpc.c:1277:6:NX_DPC_GetDelay	8	static
nx_dpc.c:1317:6:NX_DPC_SetDither	0	static
nx_dpc.c:1354:6:NX_DPC_GetDither	0	static
nx_dpc.c:1408:6:NX_DPC_SetMode	32	static
nx_dpc.c:1532:6:NX_DPC_GetMode	32	static
nx_dpc.c:1612:6:NX_DPC_SetHSync	0	static
nx_dpc.c:1659:6:NX_DPC_GetHSync	28	static
nx_dpc.c:1726:6:NX_DPC_SetVSync	8	static
nx_dpc.c:1799:6:NX_DPC_GetVSync	32	static
nx_dpc.c:1896:6:NX_DPC_SetVSyncOffset	0	static
nx_dpc.c:1947:6:NX_DPC_GetVSyncOffset	8	static
nx_dpc.c:1978:6:NX_DPC_SetHorizontalUpScaler	16	static
nx_dpc.c:2028:6:NX_DPC_GetHorizontalUpScaler	24	static
nx_dpc.c:2070:6:NX_DPC_SetSync	28	static
nx_dpc.c:2158:6:NX_DPC_SetOutputFormat	120	static
nx_dpc.c:2222:6:NX_DPC_SetQuantizationMode	0	static
nx_dpc.c:2243:6:NX_DPC_SetEnable	8	static
nx_dpc.c:2270:6:NX_DPC_SetOutVideoClkSelect	0	static
nx_dpc.c:2286:6:NX_DPC_SetRegFlush	0	static
nx_dpc.c:2301:6:NX_DPC_SetSRAMOn	0	static
nx_dpc.c:2318:6:NX_DPC_SetSyncLCDType	8	static
nx_dpc.c:2345:6:NX_DPC_SetUpScaleControl	0	static
nx_dpc.c:2373:6:NX_DPC_SetMPUTime	0	static
nx_dpc.c:2383:6:NX_DPC_SetIndex	0	static
nx_dpc.c:2401:6:NX_DPC_SetData	0	static
nx_dpc.c:2412:6:NX_DPC_SetCmdBufferFlush	0	static
nx_dpc.c:2423:6:NX_DPC_SetCmdBufferClear	0	static
nx_dpc.c:2435:6:NX_DPC_SetCmdBufferWrite	0	static
nx_dpc.c:2446:6:NX_DPC_SetMPUCS1	0	static
nx_dpc.c:2458:5:NX_DPC_GetData	0	static
nx_dpc.c:2471:5:NX_DPC_GetStatus	0	static
nx_dpc.c:2488:6:NX_DPC_RGBMASK	0	static
nx_dpc.c:2501:6:NX_DPC_SetPadLocation	0	static
nx_dpc.c:2511:5:NX_DPC_GetFieldFlag	0	static
