nx_pwm.c:32:7:NX_PWM_Initialize	0	static
nx_pwm.c:51:6:NX_PWM_GetNumberOfModule	0	static
nx_pwm.c:61:6:NX_PWM_GetNumberOfChannel	0	static
nx_pwm.c:74:6:NX_PWM_GetPhysicalAddress	0	static
nx_pwm.c:88:6:NX_PWM_GetSizeOfRegisterSet	0	static
nx_pwm.c:100:6:NX_PWM_SetBaseAddress	0	static
nx_pwm.c:114:7:NX_PWM_GetBaseAddress	0	static
nx_pwm.c:128:7:NX_PWM_OpenModule	0	static
nx_pwm.c:142:7:NX_PWM_CloseModule	0	static
nx_pwm.c:156:7:NX_PWM_CheckBusy	0	static
nx_pwm.c:170:7:NX_PWM_CanPowerDown	0	static
nx_pwm.c:186:5:NX_PWM_GetClockNumber	40	static
nx_pwm.c:210:5:NX_PWM_GetResetNumber	0	static
nx_pwm.c:230:6:NX_PWM_GetInterruptNumber	32	static
nx_pwm.c:257:6:NX_PWM_SetInterruptEnable	0	static
nx_pwm.c:287:7:NX_PWM_GetInterruptEnable	0	static
nx_pwm.c:309:7:NX_PWM_GetInterruptPending	0	static
nx_pwm.c:331:6:NX_PWM_ClearInterruptPending	0	static
nx_pwm.c:361:6:NX_PWM_SetInterruptEnableAll	0	static
nx_pwm.c:389:7:NX_PWM_GetInterruptEnableAll	0	static
nx_pwm.c:416:7:NX_PWM_GetInterruptPendingAll	0	static
nx_pwm.c:442:6:NX_PWM_ClearInterruptPendingAll	0	static
nx_pwm.c:468:6:NX_PWM_GetInterruptPendingNumber	0	static
nx_pwm.c:503:6:NX_PWM_SetPrescaler	16	static
nx_pwm.c:537:6:NX_PWM_GetPrescaler	8	static
nx_pwm.c:563:6:NX_PWM_SetDeadZoneLength	8	static
nx_pwm.c:588:6:NX_PWM_GetDeadZoneLength	8	static
nx_pwm.c:610:7:NX_PWM_SetDeadZoneEnable	16	static
nx_pwm.c:643:7:NX_PWM_GetDeadZoneEnable	8	static
nx_pwm.c:671:7:NX_PWM_SetDividerPath	16	static
nx_pwm.c:703:20:NX_PWM_GetDividerPath	16	static
nx_pwm.c:732:7:NX_PWM_SetOutInvert	16	static
nx_pwm.c:771:7:NX_PWM_GetOutInvert	16	static
nx_pwm.c:804:6:NX_PWM_SetShotMode	16	static
nx_pwm.c:845:17:NX_PWM_GetShotMode	16	static
nx_pwm.c:884:6:NX_PWM_UpdateCounter	16	static
nx_pwm.c:920:6:NX_PWM_Run	16	static
nx_pwm.c:952:6:NX_PWM_Stop	16	static
nx_pwm.c:984:7:NX_PWM_IsRun	16	static
nx_pwm.c:1018:6:NX_PWM_SetPeriod	16	static
nx_pwm.c:1059:6:NX_PWM_GetPeriod	16	static
nx_pwm.c:1101:7:NX_PWM_SetDuty	16	static
nx_pwm.c:1144:6:NX_PWM_GetDuty	16	static
nx_pwm.c:1186:6:NX_PWM_GetCurrentCount	16	static
