00000000 T _start
00000020 t _reset
00000024 T _undefined_instruction
00000028 T _software_interrupt
0000002c T _prefetch_abort
00000030 T _data_abort
00000034 T _not_used
00000038 T _irq
0000003c T _fiq
00000040 T IRQ_STACK_START_IN
00000060 t undefined_instruction
000000c0 t software_interrupt
00000120 t prefetch_abort
00000180 t data_abort
000001e0 t not_used
00000240 t irq
000002a0 t fiq
00000300 t __do_undefined_instruction_veneer
0000030c t __do_prefetch_abort_veneer
00000318 t __do_irq_veneer
00000324 t __do_data_abort_veneer
00000330 t __do_fiq_veneer
0000033c t __do_software_interrupt_veneer
00000348 t __do_not_used_veneer
42c00000 T __image_copy_start
42c00000 T _stext
42c00020 t _undefined_instruction
42c00024 t _software_interrupt
42c00028 t _prefetch_abort
42c0002c t _data_abort
42c00030 t _not_used
42c00034 t _irq
42c00038 t _fiq
42c00040 T TEXT_BASE
42c00044 T _bss_start_ofs
42c00048 T _bss_end_ofs
42c0004c T _end_ofs
42c00050 T reset
42c0006c t relocate_to_text
42c00084 t copy_loop_text
42c0009c t clear_bss
42c000b4 t clbss_l
42c00110 T c_runtime_cpu_setup
42c00128 W save_boot_params
42c0012c T cpu_init_cp15
42c00164 T cpu_init_crit
42c00180 T __aeabi_unwind_cpp_pr0
42c00184 T do_new_cmd
42c0026c W setup_board_tags
42c00270 T do_goImage
42c003f4 t PutPixel555To565
42c0041c t PutPixel565To888
42c00460 t PutPixel565To8888
42c004a8 t PutPixel888To565
42c004d8 t PutPixel888To565
42c00508 t PutPixel888To888
42c00534 t PutPixel888To888
42c00560 t PutPixel888To8888
42c00574 t PutPixel888To8888
42c00588 T lcd_set_logo_bmp_addr
42c00598 T lcd_draw_boot_logo
42c00e50 T do_drawbmp
42c00ebc t do_loadbmp
42c01078 t ALPHAPixel888To565
42c010bc t ALPHAPixel888To888
42c01100 t ALPHAPixel888To8888
42c0111c t lcd_draw_text_eng0816
42c01304 T lcd_debug_init
42c01444 T lcd_fill_rectangle
42c014f0 T lcd_draw_text
42c01520 T lcd_draw_string
42c01708 T CalUSBID
42c017b8 T GetUSBID
42c017c8 t nx_usb_write_in_fifo
42c01804 t nx_udc_int_hndlr
42c01f20 T iUSBBOOT
42c021a0 T do_usbdown
42c02220 t mmc_get_part_table_extended
42c023e8 T mmc_get_part_table
42c0242c T mmc_make_part_table_extended
42c0269c T mmc_make_part_table
42c02aac t do_fdisk
42c02bec t fboot_reset_handler
42c02c18 t fboot_reset_handler
42c02c1c t part_lists_print
42c02d78 t parse_part_address
42c02f88 t parse_part_fs
42c030fc t parse_part_partition
42c03300 t mmc_make_parts
42c033d4 t mmc_part_capacity
42c03498 t mmc_check_part_table
42c03560 t mmc_part_write
42c038f4 t parse_part_device
42c03b98 t part_lists_make
42c03e00 t fboot_cmd_oem
42c03e78 t fboot_cmd_erase
42c03ed8 t fboot_cmd_format
42c03f38 t fboot_cmd_boot
42c03f98 t fboot_cmd_download
42c040cc t fboot_cmd_reboot
42c04108 t fboot_setenv.isra.1
42c0435c t fboot_cmd_getvar
42c04744 t fboot_cmd_flash
42c04ddc t fboot_rx_handler
42c05054 t fboot_rx_handler
42c0505c t do_fastboot
42c053c0 T fboot_usb_descriptor
42c05440 T otg_bind_check
42c054b0 T GetADDR
42c05534 T GetREG
42c05540 T do_update_mmc
42c05968 t write_raw_chunk
42c059a8 T check_compress_ext4
42c05a94 T write_compressed_ext4
42c05b40 T _IRQ_STACK_START_IN_
42c05b60 T undefined_instruction
42c05bc0 T software_interrupt
42c05c20 T prefetch_abort
42c05c80 T data_abort
42c05ce0 T not_used
42c05d40 T irq
42c05da0 T fiq
42c05e00 T lowlevel_init
42c05e50 T mmu_turn_on
42c05e60 T enable_mmu
42c05ea8 T disable_mmu
42c05ec0 t v7_maint_dcache_all
42c05f94 T invalidate_icache_all
42c05fac W v7_outer_cache_enable
42c05fb0 W v7_outer_cache_disable
42c05fb4 W v7_outer_cache_flush_all
42c05fb8 T flush_dcache_all
42c05fcc W v7_outer_cache_inval_all
42c05fd0 T invalidate_dcache_all
42c05fe4 T arm_init_before_mmu
42c0600c W v7_outer_cache_flush_range
42c06010 T flush_dcache_range
42c0604c T mmu_page_table_flush
42c06070 T flush_cache
42c06078 W cpu_cache_initialization
42c0607c T cleanup_before_linux
42c060a8 T enable_caches
42c060ac T arch_cpu_init
42c060f4 T print_cpuinfo
42c06104 T dram_init
42c06114 T dram_init_banksize
42c0614c T gdt_reset
42c06298 T arch_misc_init
42c062a0 T arch_preboot_os
42c062a4 T nxp_set_bus_config
42c06418 T nxp_periph_init
42c0646c T nxp_cpu_init
42c06648 T nxp_before_linux
42c0664c T nxp_cpu_version
42c06670 T nxp_print_cpuinfo
42c06674 t pll_get_div
42c066b8 t pll_get_rate.constprop.3
42c06730 t core_update_rate
42c06b08 T clk_get
42c06bc0 T clk_get_rate
42c06bd4 T clk_round_rate
42c06e90 T clk_set_rate
42c06f4c T clk_enable
42c07088 T clk_disable
42c07118 T nxp_clk_init
42c07220 T nxp_clk_print
42c07348 T reset_cpu
42c0735c T timer_start
42c0746c T timer_stop
42c07504 T reset_timer_masked
42c07574 T timer_init
42c077f4 T get_timer_masked
42c07850 T get_timer
42c07874 T __udelay
42c07904 T get_ticks
42c07914 T get_tbclk
42c07924 T i2c_gpio_init
42c07988 T mmu_on
42c07b28 T NX_RSTCON_Initialize
42c07b54 T NX_RSTCON_GetPhysicalAddress
42c07b60 T NX_RSTCON_SetBaseAddress
42c07b70 T NX_RSTCON_SetnRST
42c07ba4 T NX_RSTCON_SetRST
42c07bd8 T NX_RSTCON_GetnRST
42c07bfc T NX_CLKGEN_Initialize
42c07c3c T NX_CLKGEN_GetNumberOfModule
42c07c44 T NX_CLKGEN_GetPhysicalAddress
42c07c54 T NX_CLKGEN_SetBaseAddress
42c07c64 T NX_CLKPWR_Initialize
42c07c90 T NX_CLKPWR_GetPhysicalAddress
42c07c9c T NX_CLKPWR_SetBaseAddress
42c07cac T NX_CLKPWR_OpenModule
42c07cb4 T NX_CLKPWR_SetSoftwareResetEnable
42c07cd4 T NX_CLKPWR_DoSoftwareReset
42c07cec T NX_MCUS_Initialize
42c07d18 T NX_MCUS_GetPhysicalAddress
42c07d24 T NX_MCUS_SetBaseAddress
42c07d34 T NX_MCUS_OpenModule
42c07d3c T NX_MCUS_SetStaticBUSConfig
42c07ea4 T NX_ALIVE_Initialize
42c07ed0 T NX_ALIVE_GetPhysicalAddress
42c07edc T NX_ALIVE_SetBaseAddress
42c07eec T NX_ALIVE_OpenModule
42c07ef4 T NX_ALIVE_ClearInterruptPending
42c07f10 T NX_ALIVE_SetWriteEnable
42c07f24 T NX_ALIVE_SetScratchReg
42c07f40 T NX_ALIVE_GetScratchReg
42c07f54 T NX_ALIVE_SetPullUpEnable
42c07f78 T NX_ALIVE_SetDetectEnable
42c07f9c T NX_ALIVE_SetDetectMode
42c0805c T NX_ALIVE_SetOutputEnable
42c08080 T NX_ALIVE_SetOutputValue
42c080a4 T NX_ALIVE_GetInputValue
42c080c0 T NX_GPIO_SetBit
42c080d8 T NX_GPIO_SetBit2
42c080f4 T NX_GPIO_Initialize
42c08174 T NX_GPIO_GetNumberOfModule
42c0817c T NX_GPIO_GetPhysicalAddress
42c0818c T NX_GPIO_SetBaseAddress
42c0819c T NX_GPIO_OpenModule
42c081a4 T NX_GPIO_ClearInterruptPendingAll
42c081bc T NX_GPIO_SetInterruptMode
42c08200 T NX_GPIO_SetOutputEnable
42c08214 T NX_GPIO_SetOutputValue
42c08224 T NX_GPIO_GetInputValue
42c08240 T NX_GPIO_SetPullMode
42c082c8 T NX_GPIO_SetPadFunction
42c082e8 T NX_GPIO_SetDRV1
42c082fc T NX_GPIO_GetDRV1
42c08310 T NX_GPIO_SetDRV1_DISABLE_DEFAULT
42c08324 T NX_GPIO_SetDRV0
42c08338 T NX_GPIO_GetDRV0
42c0834c T NX_GPIO_SetDRV0_DISABLE_DEFAULT
42c08360 T NX_TIEOFF_Initialize
42c0838c T NX_TIEOFF_SetBaseAddress
42c0839c T NX_TIEOFF_GetPhysicalAddress
42c083a8 T NX_WDT_Initialize
42c083d4 T NX_WDT_GetPhysicalAddress
42c083e0 T NX_WDT_SetBaseAddress
42c083f0 T NX_WDT_OpenModule
42c083f8 T NX_WDT_GetInterruptNumber
42c08400 T NX_WDT_ClearInterruptPending
42c08418 T NX_WDT_SetEnable
42c08438 T NX_WDT_GetEnable
42c08450 T NX_WDT_SetResetEnable
42c08470 T NX_DISPLAYTOP_Initialize
42c0849c T NX_DISPLAYTOP_GetPhysicalAddress
42c084a8 T NX_DISPLAYTOP_SetBaseAddress
42c084b8 T NX_DISPLAYTOP_OpenModule
42c084c0 T NX_DISPLAYTOP_GetResetNumber
42c084c8 T NX_DISPLAYTOP_SetPrimaryMUX
42c084dc T NX_DISPTOP_CLKGEN_Initialize
42c0851c T NX_DUALDISPLAY_GetResetNumber
42c08524 T NX_MLC_Initialize
42c08554 T NX_MLC_GetPhysicalAddress
42c08580 T NX_MLC_SetBaseAddress
42c08590 T NX_MLC_OpenModule
42c08598 T NX_MLC_SetClockPClkMode
42c085c4 T NX_MLC_SetClockBClkMode
42c085f8 T NX_MLC_SetTopPowerMode
42c0861c T NX_MLC_SetTopSleepMode
42c08644 T NX_MLC_SetTopDirtyFlag
42c08660 T NX_MLC_SetMLCEnable
42c08680 T NX_MLC_SetFieldEnable
42c086a0 T NX_MLC_SetLayerPriority
42c086c0 T NX_MLC_SetScreenSize
42c086e0 T NX_MLC_SetBackground
42c086f4 T NX_MLC_SetDirtyFlag
42c08734 T NX_MLC_SetLayerEnable
42c0877c T NX_MLC_SetLockSize
42c087b4 T NX_MLC_SetAlphaBlending
42c08818 T NX_MLC_SetTransparency
42c0885c T NX_MLC_SetColorInversion
42c088a0 T NX_MLC_SetFormatRGB
42c088d4 T NX_MLC_SetPosition
42c08978 T NX_MLC_SetDitherEnableWhenUsingGamma
42c08998 T NX_MLC_SetGammaPriority
42c089b8 T NX_MLC_SetRGBLayerInvalidPosition
42c08a24 T NX_MLC_SetRGBLayerStride
42c08a6c T NX_MLC_SetRGBLayerAddress
42c08a9c T NX_MLC_SetRGBLayerGamaTablePowerMode
42c08ac8 T NX_MLC_SetRGBLayerGamaTableSleepMode
42c08b04 T NX_MLC_SetRGBLayerGammaEnable
42c08b24 T NX_DPC_Initialize
42c08b54 T NX_DPC_GetPhysicalAddress
42c08b80 T NX_DPC_SetBaseAddress
42c08b90 T NX_DPC_OpenModule
42c08b98 T NX_DPC_SetClockPClkMode
42c08bc4 T NX_DPC_SetClockSource
42c08be8 T NX_DPC_SetClockDivisor
42c08c14 T NX_DPC_SetClockOutInv
42c08c38 T NX_DPC_SetClockOutDelay
42c08c5c T NX_DPC_SetClockDivisorEnable
42c08c7c T NX_DPC_SetDPCEnable
42c08c9c T NX_DPC_SetDelay
42c08ccc T NX_DPC_SetDither
42c08cf4 T NX_DPC_SetMode
42c08dd4 T NX_DPC_SetHSync
42c08e30 T NX_DPC_SetVSync
42c08ecc T NX_DPC_SetVSyncOffset
42c08ef0 T pwm_init
42c08f68 T pwm_config
42c09308 T pwm_enable
42c09338 t send_start
42c0939c t send_stop
42c093fc t write_byte
42c094c4 T do_i2c_mode
42c09590 T i2c_get_bus_num
42c095a0 T i2c_set_bus_speed
42c09618 T i2c_set_bus_num
42c09664 T i2c_get_bus_speed
42c0967c T i2c_init
42c096a0 T i2c_write
42c097b4 T i2c_read
42c09920 T i2c_probe
42c0997c t nxe2000_i2c_read.isra.0
42c099a8 t nxe2000_i2c_write.isra.1
42c099d8 T power_pmic_function_init
42c09a04 T bd_pmic_init
42c09f88 t power_update_battery
42c0a08c t power_check_battery
42c0a1e4 t power_check_ibatt
42c0a288 T power_nxe2000_fg_init
42c0a2fc t pmic_chrg_get_type
42c0a304 t pmic_charger_bat_present
42c0a354 t pmic_charger_state
42c0a3fc T power_pmic_init
42c0a470 t muic_chrg_get_type
42c0a5c8 T power_nxe2000_muic_init
42c0a654 t dw_mci_clksel
42c0a668 t dw_mci_get_clk
42c0a6b8 t dw_mci_init.constprop.1
42c0a7c8 T board_mmc_init
42c0a874 T disp_lcd_device
42c0a888 T disp_initialize
42c0a8ac T disp_topctl_reset
42c0a8dc T disp_syncgen_reset
42c0a910 T disp_syncgen_init
42c0a940 T disp_syncgen_enable
42c0a968 T disp_syncgen_setup
42c0ac08 T disp_multily_init
42c0ac44 T disp_multily_enable
42c0ac88 T disp_multily_setup
42c0ae60 T display_rgb
42c0af38 T nxp_gpio_direction_output
42c0af98 T nxp_gpio_direction_input
42c0afbc T nxp_gpio_get_value
42c0afd8 T gpio_direction_input
42c0afe8 T gpio_direction_output
42c0aff8 T gpio_get_value
42c0affc t s3c_usb_core_soft_reset
42c0b024 t s3c_usb_write_ep0_fifo
42c0b074 t s3c_usb_write_in_fifo
42c0b0c4 t s3c_usb_read_out_fifo
42c0b110 t s3c_usb_set_inep_xfersize.part.0
42c0b12c T fboot_usb_int_bulkin
42c0b1f4 T fboot_usb_int_bulkout
42c0b288 T fboot_usb_set_descriptors
42c0b42c T fastboot_getvar
42c0b434 T s3c_usbctl_init
42c0b5cc T fboot_usbctl_init
42c0b5ec T fastboot_init
42c0b6b8 T s3c_usb_stop
42c0b6cc T fastboot_shutdown
42c0b6d0 T dwc_otg_get_ep0_state
42c0b6e0 T dwc_otg_clear_ep0_state
42c0b6f4 T s3c_udc_int_hndlr
42c0d7fc T fastboot_poll
42c0d874 T fastboot_tx_status
42c0d8f4 T otg_clk_enable
42c0d8f8 T otg_phy_init
42c0da0c T otg_phy_off
42c0dacc t boot_jump_linux.isra.4
42c0db70 T arch_lmb_reserve
42c0db94 t boot_prep_linux.isra.5
42c0dc64 T do_bootm_linux
42c0dcc4 T boot_prep_vxworks
42c0dcc8 T boot_jump_vxworks
42c0dcdc T interrupt_init
42c0dcf8 T enable_interrupts
42c0dcfc T disable_interrupts
42c0dd04 T bad_mode
42c0dd14 T show_regs
42c0de50 T do_undefined_instruction
42c0de70 T do_software_interrupt
42c0de90 T do_prefetch_abort
42c0deb0 T do_data_abort
42c0ded0 T do_not_used
42c0def0 T do_fiq
42c0df10 T do_irq
42c0df30 T do_reset
42c0df5c t cp_delay
42c0df8c T icache_disable
42c0dfa8 T dcache_disable
42c0dfd0 t bd_gpio_init
42c0e16c T board_eth_init
42c0e174 T board_early_init_f
42c0e28c T board_init
42c0e294 T power_init_board
42c0e298 T bd_display_run
42c0e344 T board_late_init
42c0e4dc T bd_display
42c0e5e4 T fboot_lcd_start
42c0e680 T fboot_lcd_stop
42c0e690 T fboot_lcd_part
42c0e6f4 T fboot_lcd_down
42c0e74c T fboot_lcd_flash
42c0e7b0 T fboot_lcd_status
42c0e808 T __show_boot_progress
42c0e808 W show_boot_progress
42c0e80c T main_loop
42c0e82c T find_cmd_tbl
42c0e8d0 T find_cmd
42c0e8f8 T cmd_usage
42c0e954 T _do_help
42c0ead8 T cmd_get_data_size
42c0eb34 T cmd_process
42c0ec1c t dummy
42c0ec20 T get_version
42c0ec28 T jumptable_init
42c0edc8 T hash_command
42c0ee68 t b_reset
42c0ee84 t static_get
42c0eea0 t static_peek
42c0eeac t file_peek
42c0eeb8 t mapset
42c0eed8 t syntax_err
42c0eee4 t free_pipe_list
42c0efd4 t xmalloc
42c0eff4 t new_pipe
42c0f01c t xrealloc
42c0f03c t done_command
42c0f0c8 t done_pipe
42c0f110 t done_word
42c0f3e8 t do_showvar
42c0f4d8 t is_assignment
42c0f52c t file_get
42c0f6fc t b_addchr
42c0f77c t b_addqchr
42c0f7cc T get_local_var
42c0f860 T set_local_var
42c0fa08 t insert_var_value_sub
42c0fcb0 T parse_string_outer
42c0fd94 t run_list_real
42c10578 t parse_stream_outer
42c10c3c T parse_file_outer
42c10c80 T u_boot_hush_start
42c10cd4 T run_command
42c10cdc T run_command_list
42c10d38 T do_run
42c10dac T cli_loop
42c10db8 T cli_init
42c10dbc t delete_char.part.0
42c10e8c t cread_add_char
42c10f74 T cli_readline_into_buffer
42c11870 T cli_readline
42c11884 T bootdelay_process
42c118cc T autoboot_command
42c119c8 t trace_early_init
42c119d0 t display_text_info
42c119d8 t setup_mon_len
42c119f8 t reserve_round_4k
42c11a10 t reserve_mmu
42c11a48 t reserve_trace
42c11a50 t reserve_uboot
42c11a80 t reserve_malloc
42c11a94 t setup_machine
42c11a9c t reserve_global_data
42c11ab8 t reserve_fdt
42c11b04 t reserve_stacks
42c11b38 t display_new_sp
42c11b40 t setup_reloc
42c11b6c t reloc_fdt
42c11b9c t reserve_board
42c11bcc t announce_dram_init
42c11be4 t init_func_i2c
42c11c18 t init_baud_rate
42c11c44 t setup_fdt
42c11c6c t mark_bootstage
42c11c80 T __board_add_ram_info
42c11c80 W board_add_ram_info
42c11c84 t show_dram_config
42c11cb8 t setup_dram_config
42c11cc8 W board_get_usable_ram_top
42c11cd0 t setup_dest_addr
42c11d10 T board_init_f
42c11d5c t bootstage_relocate
42c11d64 t initr_trace
42c11d6c t initr_reloc_global_data
42c11d94 t initr_barrier
42c11d9c t initr_announce
42c11da4 T initr_mmc
42c11dc4 t run_main_loop
42c11dd0 t initr_net
42c11df0 t initr_ethaddr
42c11e10 t initr_enable_interrupts
42c11e20 t initr_jumptable
42c11e30 t initr_env
42c11e60 t initr_malloc
42c11e7c t initr_serial
42c11e8c t initr_caches
42c11e9c t initr_reloc
42c11ebc T __cpu_secondary_init_r
42c11ebc W cpu_secondary_init_r
42c11ec0 t initr_secondary_cpu
42c11ed0 T board_init_r
42c11ee8 W do_go_exec
42c11f00 t do_go
42c11f70 T do_bootm
42c12070 T do_bootd
42c12090 t image_info
42c12160 t do_iminfo
42c121c0 T bootm_maybe_autostart
42c12238 T bootm_find_ramdisk_fdt
42c12284 T do_bootm_states
42c129cc t do_bootm_standalone
42c12a30 t do_bootm_plan9
42c12afc T do_bootvx_fdt
42c12b38 t do_bootm_vxworks
42c12b5c T boot_selected_os
42c12bb8 T bootm_os_get_boot_func
42c12bc8 t do_help
42c12c10 t do_version
42c12c48 T env_attr_walk
42c12d58 T env_attr_lookup
42c12edc t clear_callback
42c12eec t find_env_callback
42c12f50 t on_callbacks
42c12f98 t set_callback
42c1302c T env_callback_init
42c130f0 t skip_num
42c13164 t clear_flags
42c13174 t on_flags
42c131bc T env_flags_parse_vartype
42c1320c T env_flags_parse_varaccess
42c13264 t set_flags
42c13310 T env_flags_init
42c133e8 T env_flags_validate
42c136f4 t init_mmc_for_env
42c13728 W mmc_get_env_addr
42c13738 T env_init
42c13754 T saveenv
42c13858 T env_relocate_spec
42c13924 T source
42c13a00 T do_source
42c13a44 t print_num
42c13a5c T do_bdinfo
42c13bd8 t do_exit
42c13c08 T do_ext4_load
42c13c20 T do_ext4_ls
42c13c38 T do_ext4_write
42c13d2c T do_fat_fsload
42c13d44 t do_fat_ls
42c13d5c t do_fat_fsinfo
42c13dec t do_fat_fswrite
42c13ee8 t get_alen
42c13f24 t do_i2c
42c13f80 t do_i2c_reset
42c13f9c t do_i2c_mw
42c14088 t do_i2c_read
42c14138 t do_i2c_probe
42c141d4 t do_i2c_md
42c143ac t do_i2c_crc
42c144c0 T do_i2c_bus_num
42c14534 t do_i2c_write
42c14624 t do_i2c_loop
42c146fc t mod_i2c_mem.isra.3
42c148e0 t do_i2c_nm
42c148e8 t do_i2c_mm
42c148f0 t do_i2c_bus_speed
42c14964 t do_mem_mw
42c14a24 t do_mem_loop
42c14b1c t do_mem_md
42c14c04 t do_mem_cmp
42c14d6c t do_mem_base
42c14dac t do_mem_cp
42c14e84 t do_mem_crc
42c14ed0 t mod_mem.isra.2
42c15038 t do_mem_mm
42c15040 t do_mem_nm
42c15048 t do_mmcops
42c150fc t init_mmc_device
42c15150 t do_mmc_rescan
42c15174 t do_mmc_list
42c15188 t do_mmc_dev
42c152bc t do_mmc_part
42c15318 t do_mmc_erase
42c15400 t do_mmc_write
42c154b8 t do_mmc_read
42c155a4 t do_mmcinfo
42c15714 t do_mmc_setdsr
42c157c4 t netboot_common
42c15a64 t do_bootp
42c15a70 T do_tftpb
42c15ab0 t do_false
42c15ab8 t do_true
42c15ac0 t do_test
42c15e10 t do_env_delete
42c15eb4 t do_env_save
42c15ee0 t do_env
42c15f3c t env_print
42c15ffc t do_env_print
42c160c0 t do_env_import
42c1631c t do_env_default
42c163d4 t _do_env_set.isra.1
42c16598 t do_env_set
42c165b4 T get_env_id
42c165c4 T setenv
42c1661c T setenv_hex
42c16650 t do_env_export
42c168c0 T envmatch
42c16930 T getenv_f
42c169f4 T getenv
42c16a6c T getenv_ulong
42c16a9c W env_get_char_spec
42c16a9c t __env_get_char_spec
42c16aa8 T env_get_addr
42c16ac8 T env_get_char_memory
42c16ad8 T env_get_char
42c16b14 T getenv_yesno
42c16b5c T getenv_default
42c16b8c T set_default_env
42c16c48 T set_default_vars
42c16c7c T env_import
42c16d58 T env_export
42c16df8 T env_relocate
42c16e28 t console_setfile
42c16ec8 T fgetc
42c16ef4 T ftstc
42c16f20 T fputc
42c16f48 T getc
42c16f6c T tstc
42c16f90 T putc
42c16fb8 T puts
42c16ff4 T printf
42c17044 T vprintf
42c1708c T ctrlc
42c170e4 T had_ctrlc
42c170f4 T clear_ctrlc
42c17108 T search_device
42c17138 T console_assign
42c1717c t on_console
42c17234 T console_init_f
42c17244 T stdio_print_current_devices
42c172f4 T console_init_r
42c173c8 T sbrk
42c17438 T mem_malloc_init
42c1746c T malloc_trim
42c17538 T free
42c17768 T malloc
42c17d44 T calloc
42c17e20 T realloc
42c182e0 T memalign
42c183ec t on_loadaddr
42c18424 T image_check_hcrc
42c18470 T image_check_dcrc
42c184a8 T image_multi_count
42c184c4 T image_multi_getimg
42c18548 T getenv_bootm_low
42c18578 T getenv_bootm_size
42c185d4 T memmove_wd
42c185e0 T genimg_print_size
42c18610 T get_table_entry_name
42c1863c T genimg_get_os_name
42c18654 T genimg_get_arch_name
42c1866c T genimg_get_type_name
42c18684 T genimg_get_comp_name
42c1869c T image_print_contents
42c18808 T genimg_get_format
42c18828 T genimg_get_image
42c1882c T boot_get_ramdisk
42c18a68 T boot_ramdisk_high
42c18b90 W get_effective_memsize
42c18b98 T stdio_get_list
42c18ba4 T stdio_get_by_name
42c18bf0 T stdio_clone
42c18c30 T stdio_register
42c18c74 T stdio_init
42c18d10 T get_dev_hwpart
42c18db4 T dev_print
42c18fe0 T init_part
42c19000 T print_part
42c19108 T get_partition_info
42c19130 T get_device
42c19248 T get_device_and_partition
42c1968c t test_block_type
42c19708 t print_partition_extended
42c19964 t get_partition_info_extended.constprop.2
42c19c4c T test_part_dos
42c19cac T print_part_dos
42c19ce0 T get_partition_info_dos
42c19d00 t mmc_set_ios
42c19d20 t mmc_set_capacity
42c19dcc W board_mmc_getwp
42c19dd4 T mmc_getwp
42c19e10 T __board_mmc_getcd
42c19e10 W board_mmc_getcd
42c19e18 T mmc_send_cmd
42c19e30 t mmc_go_idle
42c19e7c t mmc_send_op_cond_iter
42c19efc t mmc_send_ext_csd
42c19f48 T mmc_send_status
42c1a014 t mmc_switch.isra.1
42c1a068 T mmc_set_blocklen
42c1a0a4 T find_mmc_device
42c1a0f0 t mmc_bread
42c1a22c T mmc_send_op_cond
42c1a2a0 T mmc_complete_op_cond
42c1a32c T mmc_switch_part
42c1a378 T mmc_select_hwpart
42c1a3e4 T mmc_getcd
42c1a420 T mmc_set_clock
42c1a444 t mmc_startup
42c1afd0 T mmc_create
42c1b0c8 T mmc_start_init
42c1b2ec T mmc_init
42c1b378 T mmc_get_dev
42c1b3a4 T mmc_set_dsr
42c1b3b0 W cpu_mmc_init
42c1b3b0 t __def_mmc_init
42c1b3b8 T print_mmc_devices
42c1b424 T get_mmc_num
42c1b434 T mmc_initialize
42c1b4ac t dwmci_setup_bus.part.3
42c1b5b4 t dwmci_set_ios
42c1b644 t dwmci_init
42c1b760 T dwmci_prepare_data
42c1b88c t dwmci_send_cmd
42c1baa0 T add_dwmci
42c1bb28 T mmc_berase
42c1bcb8 T mmc_bwrite
42c1be18 T check_reg
42c1be44 T pmic_alloc
42c1be9c T pmic_get
42c1bef4 T power_get_interface
42c1bf20 T do_pmic
42c1c208 T pmic_reg_write
42c1c2e8 T pmic_reg_read
42c1c3ec T pmic_probe
42c1c424 t get_current
42c1c464 W altera_jtag_serial_initialize
42c1c464 W altera_serial_initialize
42c1c464 W amirix_serial_initialize
42c1c464 W arc_serial_initialize
42c1c464 W arm_dcc_initialize
42c1c464 W asc_serial_initialize
42c1c464 W atmel_serial_initialize
42c1c464 W au1x00_serial_initialize
42c1c464 W bfin_jtag_initialize
42c1c464 W bfin_serial_initialize
42c1c464 W bmw_serial_initialize
42c1c464 W clps7111_serial_initialize
42c1c464 W cogent_serial_initialize
42c1c464 W cpci750_serial_initialize
42c1c464 W evb64260_serial_initialize
42c1c464 W imx_serial_initialize
42c1c464 W iop480_serial_initialize
42c1c464 W jz_serial_initialize
42c1c464 W ks8695_serial_initialize
42c1c464 W leon2_serial_initialize
42c1c464 W leon3_serial_initialize
42c1c464 W lh7a40x_serial_initialize
42c1c464 W lpc32xx_serial_initialize
42c1c464 W marvell_serial_initialize
42c1c464 W max3100_serial_initialize
42c1c464 W mcf_serial_initialize
42c1c464 W ml2_serial_initialize
42c1c464 W mpc512x_serial_initialize
42c1c464 W mpc5xx_serial_initialize
42c1c464 W mpc8260_scc_serial_initialize
42c1c464 W mpc8260_smc_serial_initialize
42c1c464 W mpc85xx_serial_initialize
42c1c464 W mpc8xx_serial_initialize
42c1c464 W mxc_serial_initialize
42c1c464 W mxs_auart_initialize
42c1c464 W ns16550_serial_initialize
42c1c464 W oc_serial_initialize
42c1c464 W p3mx_serial_initialize
42c1c464 W pxa_serial_initialize
42c1c464 W s3c24xx_serial_initialize
42c1c464 W s5p_serial_initialize
42c1c464 W sa1100_serial_initialize
42c1c464 W sandbox_serial_initialize
42c1c464 W sconsole_serial_initialize
42c1c464 W sh_serial_initialize
42c1c464 W uartlite_serial_initialize
42c1c464 W zynq_serial_initialize
42c1c464 t serial_null
42c1c468 T serial_register
42c1c480 T serial_stdio_init
42c1c50c T serial_assign
42c1c558 T serial_initialize
42c1c628 T serial_init
42c1c63c T serial_setbrg
42c1c650 t on_baudrate
42c1c73c T serial_getc
42c1c750 T serial_tstc
42c1c764 T serial_putc
42c1c780 T serial_puts
42c1c7dc T default_serial_puts
42c1c80c t pl01x_serial_init
42c1c8d4 t pl01x_serial_setbrg
42c1c914 t pl01x_serial_tstc
42c1c930 t pl01x_serial_getc
42c1c96c t pl01x_serial_putc
42c1c9c0 T pl01x_serial_initialize
42c1c9cc W default_serial_console
42c1c9d8 t fs_probe_unsupported
42c1c9f0 t fs_ls_unsupported
42c1c9f8 t fs_exists_unsupported
42c1ca00 t fs_read_unsupported
42c1ca08 t fs_write_unsupported
42c1ca10 t fs_close_unsupported
42c1ca14 t fs_get_info
42c1ca44 t fs_close
42c1ca6c T fs_set_blk_dev
42c1cb24 T fs_ls
42c1cb60 T fs_exists
42c1cb94 T fs_read
42c1cc14 T do_load
42c1cdd0 T do_ls
42c1ce38 T file_exists
42c1ce64 T get_fs
42c1ce70 T ext4fs_free_node
42c1ce94 T ext4fs_read_file
42c1d110 T ext4fs_ls
42c1d188 T ext4fs_exists
42c1d19c T ext4fs_read
42c1d1dc T ext4fs_probe
42c1d20c T ext4_read_file
42c1d270 T ext4fs_div_roundup
42c1d290 T put_ext4
42c1d420 T ext4fs_set_block_bmap
42c1d4d0 T ext4fs_reset_block_bmap
42c1d56c T ext4fs_set_inode_bmap
42c1d5e0 T ext4fs_reset_inode_bmap
42c1d650 T ext4fs_checksum_update
42c1d6b0 T ext4fs_get_new_blk_no
42c1da68 T ext4fs_get_new_inode_no
42c1ddec T ext4fs_allocate_blocks
42c1e418 T ext4fs_read_inode
42c1e54c T ext4fs_iget
42c1e57c T read_allocated_block
42c1eed8 T ext4fs_update_parent_dentry
42c1f26c t search_dir
42c1f394 T ext4fs_get_parent_inode_num
42c1f7a4 T ext4fs_filename_check
42c1f90c T ext4fs_reinit_global
42c1f9c8 T ext4fs_close
42c1fa28 T ext4fs_iterate_dir
42c1fc98 t ext4fs_find_file1
42c1ff30 T ext4fs_find_file
42c1ffa8 T ext4fs_open
42c20044 T ext4fs_mount
42c20108 T ext4fs_set_blk_dev
42c20174 T ext4fs_devread
42c203c4 T ext4_read_superblock
42c20400 t ext4fs_update
42c204f0 T ext4fs_get_bgdtable
42c205c4 T ext4fs_deinit
42c20764 T ext4fs_init
42c20a24 T ext4fs_write
42c21d0c T ext4fs_dump_metadata
42c21d64 T ext4fs_free_journal
42c21e48 T ext4fs_log_gdt
42c21f10 T ext4fs_log_journal
42c22000 T ext4fs_put_metadata
42c220c0 T ext4fs_push_revoke_blk
42c22198 T ext4fs_free_revoke_blks
42c22208 T check_blknr_for_revoke
42c22278 T recover_transaction
42c223e0 T print_jrnl_status
42c223f8 T ext4fs_check_journal_state
42c22728 T ext4fs_init_journal
42c22980 T ext4fs_update_journal
42c22cb0 T ext2fs_crc16
42c22cec t downcase
42c22d1c t disk_read
42c22d74 t dirdelim
42c22da4 t get_fatent
42c22ef8 t mkcksum
42c22f4c t check_overflow
42c22fc0 t disk_write
42c23040 t flush_fat_buffer
42c230c0 t set_fatent_value
42c231c0 t get_fatent_value
42c23388 t get_cluster
42c23500 t get_name
42c235ac t set_cluster
42c23674 t set_contents
42c2385c t read_bootsectandvi
42c23980 t set_name
42c23ab4 t slot2str
42c23b74 t get_vfatname
42c23d34 t flush_dir_table.constprop.7
42c23e14 t do_fat_write
42c2486c T fat_set_blk_dev
42c2493c T do_fat_read_at
42c254b8 T do_fat_read
42c254e4 T file_fat_detectfs
42c2562c T file_fat_ls
42c2563c T fat_exists
42c25668 T file_fat_read_at
42c25684 T fat_read_file
42c256c0 T fat_close
42c256c4 T file_fat_write
42c256f8 T zcalloc
42c25700 T zcfree
42c25708 T inflate_fast
42c25cb0 T inflate_table
42c26214 T inflateReset
42c26290 T inflateInit2_
42c26394 T inflateEnd
42c263f8 T adler32
42c2673c T inflate
42c27c18 T gzalloc
42c27c28 T gzfree
42c27c30 T zunzip
42c27d48 T gunzip
42c27e10 T initcall_run_list
42c27e6c t lmb_add_region
42c2802c T lmb_init
42c28054 T lmb_add
42c28058 T lmb_reserve
42c28060 T lmb_overlaps_region
42c280b8 T __lmb_alloc_base
42c281c4 T lmb_alloc_base
42c281f8 T lmb_alloc
42c28200 T __board_lmb_reserve
42c28200 W board_lmb_reserve
42c28204 T string_to_ip
42c28268 T qsort
42c2834c t cmpkey
42c28360 t _hdelete.isra.1
42c283b0 t drop_var_from_set.part.2
42c28400 t match_string.isra.3
42c28460 T hcreate_r
42c2850c T hdestroy_r
42c28580 T hsearch_r
42c28a18 T hdelete_r
42c28aec T hexport_r
42c28e14 T himport_r
42c2916c T hwalk_r
42c291c4 T display_options
42c291e4 T print_size
42c29318 T print_buffer
42c294d8 T crc32_no_comp
42c295b0 T crc32
42c295c4 T crc32_wd
42c295c8 T __div64_32
42c2969c T hang
42c296b8 T skip_spaces
42c296e0 T strim
42c29740 T strcpy
42c2975c T strncpy
42c29780 T strcat
42c297b0 T strncat
42c29804 T strcmp
42c29830 T strncmp
42c29870 T strchr
42c2989c T strlen
42c298bc T strrchr
42c298f8 T strnlen
42c29928 T strdup
42c29964 T strspn
42c299a0 T strpbrk
42c299dc T strtok
42c29a64 T memset
42c29ac4 T memcpy
42c29b24 T memmove
42c29b78 T memcmp
42c29bac T strstr
42c29c14 T udelay
42c29c44 T mdelay
42c29c68 t put_dec_trunc
42c29d48 t put_dec
42c29e7c t string.isra.0
42c29f0c t number.isra.4
42c2a168 t vsnprintf_internal.isra.6
42c2a764 T simple_strtoul
42c2a81c T strict_strtoul
42c2a898 T simple_strtol
42c2a8c0 T simple_strtoull
42c2a99c T vsprintf
42c2a9a0 T sprintf
42c2a9c8 T panic
42c2aa0c T simple_itoa
42c2aa60 T ArpInit
42c2aab0 T arp_raw_request
42c2ab74 T ArpRequest
42c2abf4 T ArpTimeoutCheck
42c2ac74 t BootpHandler
42c2afc0 T BootpRequest
42c2b1bc t BootpTimeout
42c2b200 W cpu_eth_init
42c2b200 t __def_eth_init
42c2b208 t eth_current_changed
42c2b268 T eth_parse_enetaddr
42c2b2c0 T eth_getenv_enetaddr
42c2b31c T eth_setenv_enetaddr
42c2b350 T eth_getenv_enetaddr_by_index
42c2b3a0 T eth_get_dev_by_index
42c2b3e8 T eth_get_dev_index
42c2b404 T eth_write_hwaddr
42c2b5dc T eth_initialize
42c2b7a4 T eth_halt
42c2b7d4 T eth_send
42c2b80c T eth_rx
42c2b838 T eth_try_another
42c2b8bc T eth_init
42c2b98c T eth_set_current
42c2ba30 T eth_get_name
42c2ba50 t startAgainTimeout
42c2ba64 t dummy_handler
42c2ba68 t net_clear_handlers
42c2ba9c T net_auto_load
42c2bad4 T NetStartAgain
42c2bc24 T net_set_udp_handler
42c2bc44 T NetSetTimeout
42c2bc90 T NetCksum
42c2bcc0 T NetEthHdrSize
42c2bcf8 T NetSetEther
42c2bd90 T net_set_ip_header
42c2be1c T net_set_udp_header
42c2bea4 T NetSendUDPPacket
42c2bfb8 T copy_filename
42c2c000 t on_bootfile
42c2c02c T ip_to_string
42c2c064 T string_to_VLAN
42c2c0ac T getenv_VLAN
42c2c0bc t NetInitLoop
42c2c1ac T net_init
42c2c21c T NetLoop
42c2c504 t TftpSend
42c2c6c8 t TftpHandler
42c2ca40 t TftpTimeout
42c2cac8 T TftpStart
42c2ce04 T __aeabi_uidiv
42c2ce04 T __udivsi3
42c2ce04 t .udivsi3_skip_div0_test
42c2ceac T __aeabi_uidivmod
42c2cecc T __aeabi_idiv
42c2cecc T __divsi3
42c2ced4 t .divsi3_skip_div0_test
42c2cfa8 T __aeabi_idivmod
42c2cfc8 W __aeabi_idiv0
42c2cfc8 W __aeabi_ldiv0
42c2cfcc T __aeabi_llsr
42c2cfcc T __lshrdi3
42c2cfe8 T __aeabi_llsl
42c2cfe8 T __ashldi3
42c2d004 T __aeabi_uldivmod
42c2d040 T __gnu_ldivmod_helper
42c2d07c T __gnu_uldivmod_helper
42c2d0b8 T __divdi3
42c2d550 T __udivdi3
42c2ddc8 r ALPHAPIXELTABLE
42c2ddd4 r PUTPIXELTABLE
42c2ddec r PUTPIXELTABLE
42c2ddf8 r PhysicalAddr.4004
42c2de98 r PhysicalAddr.4277
42c2deac r block_drvr
42c2dec4 r boot_os
42c2df24 r clk_plls
42c2df48 r crc_table
42c2e348 r dwmci_ops
42c2e35c r env_flags_varaccess_mask
42c2e36c r ext_csd_bits.12341
42c2e380 r ext_to_hostcaps.12342
42c2e39c r f_reserve_part
42c2e3ac r fbase
42c2e3bc r gs_ConfigDescriptorFS
42c2e3dc r gs_ConfigDescriptorHS
42c2e3fc r multipliers
42c2e43c R op_adv
42c2e53c r ptable
42c2e5cc r uimage_arch
42c2e6ec r uimage_comp
42c2e734 r uimage_os
42c2e7a0 r uimage_type
42c2e890 r widths.12343
42c2e8a4 r crc16_table
42c2eaa4 r dbase.12262
42c2eae4 r dext.12263
42c2eb24 r distfix
42c2eba4 R g_DrexQoS
42c2eba8 r lbase.12260
42c2ebe6 r lenfix
42c2f3e6 r lext.12261
42c2f424 r order.12356
42c2f51e r CSWTCH.15
42c2f521 r CSWTCH.16
42c2f524 r CSWTCH.23
42c2f53a r __func__.12094
42c2f54a r __func__.12098
42c2f559 r __func__.12110
42c2f564 r __func__.12111
42c2f572 r __func__.12117
42c2f57d r __func__.12172
42c2f588 r __func__.12267
42c2f597 r __func__.12272
42c2f5ad r __func__.12286
42c2f5bc r __func__.12303
42c2f5cf r __func__.12312
42c2f5e3 r __func__.12426
42c2f5f1 r __func__.12439
42c2f609 r __func__.12461
42c2f617 r __func__.12470
42c2f62a r __func__.12490
42c2f63a r __func__.12638
42c2f656 r __func__.12719
42c2f665 R _ctype
42c2f765 R config_full
42c2f76e R config_full_total
42c2f78e R default_environment
42c2f894 r delims.11971
42c2f897 r digits.11974
42c2f8a7 r dither_pattern5
42c2f8ef r dither_pattern6
42c2f8ff R dnw_string_desc1
42c2f915 R dnw_string_desc2
42c2f941 r env_flags_varaccess_rep
42c2f946 r env_flags_vartype_rep
42c2f94d r erase_seq
42c2f951 R fboot_string_desc1
42c2f969 R fboot_string_desc2
42c2f981 R fboot_string_desc3
42c2f99d R font8x16
42c3019d R g_DispBusSI
42c301a0 R g_DrexBRB_RD
42c301a2 R g_DrexBRB_WR
42c301a4 r hex_asc
42c301b5 r name.12270
42c301c0 r name.12437
42c301cd r name.12488
42c301da r names.12008
42c37340 R string_desc0
42c37344 r tab_seq
42c3734d V version_string
42c373a8 d gs_DeviceDescriptorFS
42c373bc d gs_DeviceDescriptorHS
42c373d0 d f_devices
42c37760 d f_cmd_seqs
42c377a0 d android_drvier
42c377a4 d f_interface
42c377c0 d f_interface
42c377dc d f_part_fs
42c3782c D parse_part_seqs
42c37840 d write_raw_chunk_cb
42c37844 d timerinit
42c37848 d i2c_bus
42c3784c d i2c_ptr
42c37850 d support_dvfs
42c37854 d clk_periphs
42c38074 d TIMER_HZ
42c38078 d TIMER_FREQ
42c3807c D i2c_devices
42c380c4 d pwm_dev
42c38114 d power_fg_ops
42c38120 d power_chrg_pmic_ops
42c3812c d power_chrg_muic_ops
42c38138 D test_pkt
42c38170 d reserved_list
42c381f4 d hist_cur
42c381f8 d init_sequence_f
42c38280 D init_sequence_r
42c382e0 d bootm_help_text
42c38528 d cmd_bootm_sub
42c385e8 d first_call
42c385ec d first_call
42c385f0 D env_name_spec
42c385f4 d source_help_text
42c38642 d i2c_help_text
42c38944 d cmd_i2c_sub
42c38a64 d i2c_dp_last_length
42c38a68 d dp_last_length
42c38a6c d curr_device
42c38a70 d cmd_mmc
42c38b48 d env_help_text
42c38d38 d env_id
42c38d3c d cmd_env_sub
42c38dfc D env_htab
42c38e0c d av_
42c39214 d sbrk_base
42c39218 d trim_threshold
42c3921c D load_addr
42c39220 D stdio_names
42c3922c d cur_dev_num
42c39230 d pmic_list
42c39238 d pl01x_serial_drv
42c39268 D baudrate
42c3926c d fstypes
42c392cc D ext4fs_indir3_blkno
42c392d0 d prev_inode_bitmap_index.12592
42c392d4 D ext4fs_indir1_blkno
42c392d8 D ext4fs_indir2_blkno
42c392dc d prev_bg_bitmap_index.12573
42c392e0 d prev_bg_bmap_idx.12369
42c392e4 d prev_bg_bmap_idx.12317
42c392e8 d prev_bg_bmap_idx.12337
42c392ec d prev_bg_bmap_idx.12303
42c392f0 d first_node
42c392f4 D NetOurNativeVLAN
42c392f8 d first_call.12155
42c392fc D NetBcastAddr
42c39302 D NetOurVLAN
42c39304 d TftpTimeoutCountMax
42c39308 D TftpRRQTimeoutCountMax
42c3930c d TftpBlkSizeOption
42c39310 d TftpTimeoutMSecs
42c39314 d TftpBlkSize
42c39324 D _u_boot_list_2_cmd_2_0
42c39324 d start.11864
42c39324 d start.11868
42c39324 d start.11913
42c39324 d start.11917
42c3933c D _u_boot_list_2_cmd_2_1
42c39354 D _u_boot_list_2_cmd_2_base
42c3936c D _u_boot_list_2_cmd_2_bdinfo
42c39384 D _u_boot_list_2_cmd_2_boot
42c3939c D _u_boot_list_2_cmd_2_bootd
42c393b4 D _u_boot_list_2_cmd_2_bootm
42c393cc D _u_boot_list_2_cmd_2_bootp
42c393e4 D _u_boot_list_2_cmd_2_cmd
42c393fc D _u_boot_list_2_cmd_2_cmp
42c39414 D _u_boot_list_2_cmd_2_cp
42c3942c D _u_boot_list_2_cmd_2_crc32
42c39444 D _u_boot_list_2_cmd_2_drawbmp
42c3945c D _u_boot_list_2_cmd_2_env
42c39474 D _u_boot_list_2_cmd_2_exit
42c3948c D _u_boot_list_2_cmd_2_ext4load
42c394a4 D _u_boot_list_2_cmd_2_ext4ls
42c394bc D _u_boot_list_2_cmd_2_ext4write
42c394d4 D _u_boot_list_2_cmd_2_fastboot
42c394ec D _u_boot_list_2_cmd_2_fatinfo
42c39504 D _u_boot_list_2_cmd_2_fatload
42c3951c D _u_boot_list_2_cmd_2_fatls
42c39534 D _u_boot_list_2_cmd_2_fatwrite
42c3954c D _u_boot_list_2_cmd_2_fdisk
42c39564 D _u_boot_list_2_cmd_2_go
42c3957c D _u_boot_list_2_cmd_2_goimage
42c39594 D _u_boot_list_2_cmd_2_help
42c395ac D _u_boot_list_2_cmd_2_i2c
42c395c4 D _u_boot_list_2_cmd_2_i2cmod
42c395dc D _u_boot_list_2_cmd_2_iminfo
42c395f4 D _u_boot_list_2_cmd_2_loadbmp
42c3960c D _u_boot_list_2_cmd_2_loop
42c39624 D _u_boot_list_2_cmd_2_md
42c3963c D _u_boot_list_2_cmd_2_mm
42c39654 D _u_boot_list_2_cmd_2_mmc
42c3966c D _u_boot_list_2_cmd_2_mmcinfo
42c39684 D _u_boot_list_2_cmd_2_mw
42c3969c D _u_boot_list_2_cmd_2_nm
42c396b4 D _u_boot_list_2_cmd_2_pmic
42c396cc D _u_boot_list_2_cmd_2_printenv
42c396e4 D _u_boot_list_2_cmd_2_question_mark
42c396fc D _u_boot_list_2_cmd_2_reset
42c39714 D _u_boot_list_2_cmd_2_run
42c3972c D _u_boot_list_2_cmd_2_saveenv
42c39744 D _u_boot_list_2_cmd_2_setenv
42c3975c D _u_boot_list_2_cmd_2_showvar
42c39774 D _u_boot_list_2_cmd_2_source
42c3978c D _u_boot_list_2_cmd_2_test
42c397a4 D _u_boot_list_2_cmd_2_tftpboot
42c397bc D _u_boot_list_2_cmd_2_udown
42c397d4 D _u_boot_list_2_cmd_2_update_mmc
42c397ec D _u_boot_list_2_cmd_2_version
42c39804 D _u_boot_list_2_env_clbk_2_baudrate
42c39804 d end.11871
42c39804 d end.11920
42c39804 d start.12009
42c39804 d start.12016
42c3980c D _u_boot_list_2_env_clbk_2_bootfile
42c39814 D _u_boot_list_2_env_clbk_2_callbacks
42c3981c D _u_boot_list_2_env_clbk_2_console
42c39824 D _u_boot_list_2_env_clbk_2_flags
42c3982c D _u_boot_list_2_env_clbk_2_loadaddr
42c39834 d end.12012
42c3fad4 R _end
42c3fad4 r _image_binary_end
42c40000 B __bss_base
42c40000 B __bss_start
42c40000 b params
42c40004 b _bmp_base
42c40008 b _lcd_height
42c4000c b _lcd_width
42c40010 b _lcd_bpp
42c40014 b st_lcd_info
42c40050 b st_msg_info
42c40094 b pUSBBootStatus
42c40098 b init_parts.13250
42c400a0 b f_status
42c400b8 b usb_dev_descript
42c400d0 B global_descriptor
42c400d4 b stacks
42c400ec b core_hz
42c40128 b clk_devices
42c40438 b timestamp
42c4043c b time_lock
42c40440 b lastdec
42c40444 b __g_pRegister
42c40448 b __g_pRegister
42c4044c b __g_pRegister
42c40450 b __g_pRegister
42c40454 b __g_pRegister
42c40468 b __g_pRegister
42c4046c b __g_pRegister
42c40470 b __g_pRegister
42c40474 b __g_pRegister
42c40478 b bInit.3954
42c4047c b bInit.3993
42c40480 B __g_ModuleVariables
42c40520 b __g_ModuleVariables
42c40534 b __g_ModuleVariables
42c40538 b __g_ModuleVariables
42c40544 b __g_ModuleVariables
42c40548 b __g_ModuleVariables
42c4055c b __g_ModuleVariables
42c40564 b __g_ModuleVariables
42c4056c b bInit.4201
42c40570 b bInit.4306
42c40574 b bInit.4436
42c40578 B __g_NX_GPIO_VALID_NUM_OF_INT
42c4058c B __g_NX_GPIO_VALID_INT_MASK
42c405a0 b bInit.4263
42c405a4 B __g_NX_GPIO_VALID_BIT
42c405b8 b bInit.3937
42c405bc b bInit.4005
42c405c0 b bInit.4003
42c405c4 b bInit.4066
42c405c8 b bInit.4979
42c405cc b bInit.4979
42c405d0 b nxe2000_cache_reg
42c406d0 b s_otg_bind_status
42c406d4 b s_otg_bind_flag
42c406d8 B chgctl_reg_val
42c406dc B host
42c406e0 b fastboot_interface
42c406e4 B fboot_response_flag
42c406e8 B reply_msg
42c406ec B get_intf
42c406ed B get_status
42c406f2 B otg
42c40778 B remode_wakeup
42c4077c B op_mode
42c40780 B s3c_usbd_dn_addr
42c40784 b s_ep0state
42c40788 B s3c_usbd_dn_cnt
42c4078c b device_strings
42c407a4 B config_value
42c407a8 B transfer_size
42c407ac b fastboot_bulk_fifo
42c409b0 B is_fastboot
42c409b4 B s3c_receive_done
42c409b8 b serial_number.13263
42c409d8 B speed
42c409dc b params
42c409e0 b display_init.13054
42c409e4 b flag_repeat
42c409e8 b the_command.12164
42c40dec b ifs
42c40df0 b last_return_code
42c40df4 b map
42c40ef4 b do_repeat
42c40ef8 b buf.12364
42c40f20 b top_vars
42c40f24 b hist_list
42c40f74 b hist_lines
42c45f88 b hist_max
42c45f8c b initted.12043
42c45f90 b hist_add_idx
42c45f94 b hist_num
42c45f98 B console_buffer
42c4639c b stored_bootdelay
42c463a0 B monitor_flash_len
42c463a4 B images
42c464d4 b callback_list
42c464d8 b flags_list
42c464dc b i2c_mm_last_addr
42c464e0 b i2c_mm_last_chip
42c464e4 b i2c_mm_last_alen
42c464e8 b i2c_dp_last_chip
42c464ec b i2c_dp_last_addr
42c464f0 b i2c_dp_last_alen
42c464f4 b dp_last_addr
42c464f8 b base_address
42c464fc b mm_last_size
42c46500 b mm_last_addr
42c46504 b dp_last_size
42c46508 b ctrlc_was_pressed
42c4650c b ctrlc_disabled
42c46510 b max_total_mem
42c46514 B mem_malloc_brk
42c46518 b max_sbrked_mem
42c4651c b current_mallinfo
42c46544 B mem_malloc_end
42c46548 b top_pad
42c4654c B mem_malloc_start
42c46550 b devs
42c4658c B stdio_devices
42c46598 b mmc_devices
42c465a0 b serial_devices
42c465a4 b serial_lock
42c465a8 b serial_current
42c465ac b fs_partition
42c465fc b fs_type
42c46600 b fs_dev_desc
42c46604 b fs_lock
42c46608 B ext_fs
42c46650 B ext4fs_indir3_block
42c46654 B ext4fs_root
42c46658 b symlinknest
42c4665c B ext4fs_indir3_size
42c46660 B ext4fs_indir1_block
42c46664 B ext4fs_indir2_size
42c46668 B ext4fs_indir2_block
42c4666c B ext4fs_indir1_size
42c46670 B ext4fs_file
42c46674 B g_parent_inode
42c46678 b part_info
42c4667c b ext4fs_block_dev_desc
42c46680 B part_offset
42c46684 B journal_ptr
42c46814 b revk_blk_list
42c46818 B gindex
42c4681c B gd_index
42c46820 B dirty_block_ptr
42c469b0 b prev_node
42c469b4 B jrnl_blk_idx
42c469c0 B get_contents_vfatname_block
42c569c0 B do_fat_read_at_block
42c669c0 B get_dentfromdir_block
42c769c0 b empty_dentptr
42c769c4 b cur_part_info
42c76a14 b total_sector
42c76a18 b dir_curclust
42c76a1c b num_of_fats
42c76a20 b cur_dev
42c76a24 B errno
42c76a28 B ___strtok
42c76a2c b local.12153
42c76a44 B NetArpWaitPacketIP
42c76a48 B NetArpWaitTimerStart
42c76a4c b NetArpWaitReplyIP
42c76a50 B NetArpWaitTxPacketSize
42c76a54 B NetArpWaitTry
42c76a58 b NetArpTxPacket
42c76a5c b NetArpPacketBuf
42c7709c B NetArpWaitPacketMAC
42c770a0 B BootpTry
42c770a4 B BootpID
42c770a8 b env_changed_id.12434
42c770ac B eth_current
42c770b0 b act.12433
42c770b4 b eth_devices
42c770b8 b first_failed.12428
42c770bc B NetOurEther
42c770c4 B NetServerIP
42c770c8 b NetRestarted
42c770cc B net_state
42c770d0 b arp_packet_handler
42c770d4 B NetBootFileSize
42c770d6 B NetEtherNullAddr
42c770dc B NetRxPacket
42c770e0 b udp_packet_handler
42c770e4 B NetRxPackets
42c770f4 b NetDevExists
42c770f8 b timeStart
42c770fc b timeHandler
42c77100 b NetTryCount
42c77104 B NetOurDNSIP
42c77108 B NetOurSubnetMask
42c7710c B NetTxPacket
42c77110 B NetBootFileXferSize
42c77114 B NetOurIP
42c77118 B NetOurNISDomain
42c77138 B NetIPID
42c7713c B NetOurGatewayIP
42c77140 b env_changed_id.12144
42c77144 B NetOurHostName
42c77164 B NetRestartWrap
42c77168 B BootFile
42c771e8 b timeDelta
42c771ec B NetServerEther
42c771f2 b PktBuf
42c79032 B NetOurRootPath
42c79074 b time_start
42c79078 b TftpTimeoutCount
42c7907c b TftpBlockWrap
42c79080 b TftpBlock
42c79084 b TftpOurPort
42c79088 b TftpRemoteIP
42c7908c b TftpState
42c79090 b TftpRemotePort
42c79094 b default_filename
42c790a1 b tftp_filename
42c79124 b TftpBlockWrapOffset
42c79128 b TftpLastBlock
42c7912c B __bss_end
42c7912c B __bss_limit
