Archive member included because of file (symbol)

/home/ddanggzi/lepus/prebuilts/gcc/linux-x86/arm/arm-eabi-4.8/bin/../lib/gcc/arm-eabi/4.8/libgcc.a(_udivsi3.o)
                              arch/arm/cpu/slsiap/built-in.o (__aeabi_uidiv)
/home/ddanggzi/lepus/prebuilts/gcc/linux-x86/arm/arm-eabi-4.8/bin/../lib/gcc/arm-eabi/4.8/libgcc.a(_divsi3.o)
                              arch/arm/cpu/slsiap/built-in.o (__aeabi_idiv)
/home/ddanggzi/lepus/prebuilts/gcc/linux-x86/arm/arm-eabi-4.8/bin/../lib/gcc/arm-eabi/4.8/libgcc.a(_dvmd_tls.o)
                              /home/ddanggzi/lepus/prebuilts/gcc/linux-x86/arm/arm-eabi-4.8/bin/../lib/gcc/arm-eabi/4.8/libgcc.a(_udivsi3.o) (__aeabi_idiv0)
/home/ddanggzi/lepus/prebuilts/gcc/linux-x86/arm/arm-eabi-4.8/bin/../lib/gcc/arm-eabi/4.8/libgcc.a(_lshrdi3.o)
                              fs/built-in.o (__aeabi_llsr)
/home/ddanggzi/lepus/prebuilts/gcc/linux-x86/arm/arm-eabi-4.8/bin/../lib/gcc/arm-eabi/4.8/libgcc.a(_ashldi3.o)
                              drivers/mmc/built-in.o (__aeabi_llsl)
/home/ddanggzi/lepus/prebuilts/gcc/linux-x86/arm/arm-eabi-4.8/bin/../lib/gcc/arm-eabi/4.8/libgcc.a(_aeabi_uldivmod.o)
                              arch/arm/cpu/slsiap/built-in.o (__aeabi_uldivmod)
/home/ddanggzi/lepus/prebuilts/gcc/linux-x86/arm/arm-eabi-4.8/bin/../lib/gcc/arm-eabi/4.8/libgcc.a(bpabi.o)
                              /home/ddanggzi/lepus/prebuilts/gcc/linux-x86/arm/arm-eabi-4.8/bin/../lib/gcc/arm-eabi/4.8/libgcc.a(_aeabi_uldivmod.o) (__gnu_uldivmod_helper)
/home/ddanggzi/lepus/prebuilts/gcc/linux-x86/arm/arm-eabi-4.8/bin/../lib/gcc/arm-eabi/4.8/libgcc.a(_divdi3.o)
                              /home/ddanggzi/lepus/prebuilts/gcc/linux-x86/arm/arm-eabi-4.8/bin/../lib/gcc/arm-eabi/4.8/libgcc.a(bpabi.o) (__divdi3)
/home/ddanggzi/lepus/prebuilts/gcc/linux-x86/arm/arm-eabi-4.8/bin/../lib/gcc/arm-eabi/4.8/libgcc.a(_udivdi3.o)
                              /home/ddanggzi/lepus/prebuilts/gcc/linux-x86/arm/arm-eabi-4.8/bin/../lib/gcc/arm-eabi/4.8/libgcc.a(bpabi.o) (__udivdi3)

Discarded input sections

 .data          0x0000000000000000        0x0 arch/arm/cpu/slsiap/s5p4418/start.o
 .bss           0x0000000000000000        0x0 arch/arm/cpu/slsiap/s5p4418/start.o
 .text          0x0000000000000000        0x0 arch/arm/cpu/slsiap/start.o
 .data          0x0000000000000000        0x0 arch/arm/cpu/slsiap/start.o
 .bss           0x0000000000000000        0x0 arch/arm/cpu/slsiap/start.o
 .ARM.attributes
                0x0000000000000000       0x29 arch/arm/cpu/slsiap/start.o
 .text          0x0000000000000000        0x0 arch/arm/cpu/slsiap/built-in.o
 .text.raise    0x0000000000000000       0x1c arch/arm/cpu/slsiap/built-in.o
 .text.__aeabi_unwind_cpp_pr1
                0x0000000000000000        0x4 arch/arm/cpu/slsiap/built-in.o
 .text.logo_get_logo_bmp_addr
                0x0000000000000000       0x10 arch/arm/cpu/slsiap/built-in.o
 .text.lcd_set_back_color
                0x0000000000000000       0x10 arch/arm/cpu/slsiap/built-in.o
 .text.lcd_set_alphablend
                0x0000000000000000       0x10 arch/arm/cpu/slsiap/built-in.o
 .text.lcd_set_text_color
                0x0000000000000000       0x10 arch/arm/cpu/slsiap/built-in.o
 .text.lcd_line_horizontal
                0x0000000000000000       0x8c arch/arm/cpu/slsiap/built-in.o
 .text.lcd_line_vertical
                0x0000000000000000       0x8c arch/arm/cpu/slsiap/built-in.o
 .text.ResetCon
                0x0000000000000000       0x30 arch/arm/cpu/slsiap/built-in.o
 .text.f_lcd_start
                0x0000000000000000        0x4 arch/arm/cpu/slsiap/built-in.o
 .text.f_lcd_stop
                0x0000000000000000        0x4 arch/arm/cpu/slsiap/built-in.o
 .text.f_lcd_part
                0x0000000000000000        0x4 arch/arm/cpu/slsiap/built-in.o
 .text.f_lcd_flash
                0x0000000000000000        0x4 arch/arm/cpu/slsiap/built-in.o
 .text.f_lcd_down
                0x0000000000000000        0x4 arch/arm/cpu/slsiap/built-in.o
 .text.f_lcd_status
                0x0000000000000000        0x4 arch/arm/cpu/slsiap/built-in.o
 .text.set_write_raw_chunk_cb
                0x0000000000000000       0x14 arch/arm/cpu/slsiap/built-in.o
 .data          0x0000000000000000        0x0 arch/arm/cpu/slsiap/built-in.o
 .bss           0x0000000000000000        0x0 arch/arm/cpu/slsiap/built-in.o
 .text.v7_dcache_inval_range
                0x0000000000000000       0x80 arch/arm/cpu/slsiap/s5p4418/built-in.o
 .text.v7_outer_cache_inval_range
                0x0000000000000000        0x4 arch/arm/cpu/slsiap/s5p4418/built-in.o
 .text.invalidate_dcache_range
                0x0000000000000000       0x3c arch/arm/cpu/slsiap/s5p4418/built-in.o
 .text.clk_get_sys
                0x0000000000000000       0x30 arch/arm/cpu/slsiap/s5p4418/built-in.o
 .text.clk_put  0x0000000000000000        0x4 arch/arm/cpu/slsiap/s5p4418/built-in.o
 .text.set_timer
                0x0000000000000000       0x10 arch/arm/cpu/slsiap/s5p4418/built-in.o
[...]
Memory Configuration

Name             Origin             Length             Attributes
*default*        0x0000000000000000 0xffffffffffffffff

Linker script and memory map

Address of section .text set to 0x42c00000
                0x0000000000000000                . = 0x0
                0x0000000000000000                . = ALIGN (0x4)

.text           0x0000000042c00000    0x2d954
 *(.__image_copy_start)
 .__image_copy_start
                0x0000000042c00000        0x0 arch/arm/lib/built-in.o
                0x0000000042c00000                __image_copy_start
 arch/arm/cpu/slsiap/s5p4418/start.o(.text*)
 .text          0x0000000042c00000      0x180 arch/arm/cpu/slsiap/s5p4418/start.o
                0x0000000042c00000                _stext
                0x0000000042c00040                TEXT_BASE
                0x0000000042c00044                _bss_start_ofs
                0x0000000042c00048                _bss_end_ofs
                0x0000000042c0004c                _end_ofs
                0x0000000042c00050                reset
                0x0000000042c00110                c_runtime_cpu_setup
                0x0000000042c00128                save_boot_params
                0x0000000042c0012c                cpu_init_cp15
                0x0000000042c00164                cpu_init_crit
 *(.text*)
 .text.__aeabi_unwind_cpp_pr0
                0x0000000042c00180        0x4 arch/arm/cpu/slsiap/built-in.o
                0x0000000042c00180                __aeabi_unwind_cpp_pr0
 .text.do_new_cmd
                0x0000000042c00184       0xe8 arch/arm/cpu/slsiap/built-in.o
                0x0000000042c00184                do_new_cmd
 .text.setup_board_tags
                0x0000000042c0026c        0x4 arch/arm/cpu/slsiap/built-in.o
                0x0000000042c0026c                setup_board_tags
 .text.do_goImage
                0x0000000042c00270      0x184 arch/arm/cpu/slsiap/built-in.o
                0x0000000042c00270                do_goImage
 .text.PutPixel555To565
                0x0000000042c003f4       0x28 arch/arm/cpu/slsiap/built-in.o
 .text.PutPixel565To888
                0x0000000042c0041c       0x44 arch/arm/cpu/slsiap/built-in.o
 .text.PutPixel565To8888
                0x0000000042c00460       0x48 arch/arm/cpu/slsiap/built-in.o
 .text.PutPixel888To565
                0x0000000042c004a8       0x60 arch/arm/cpu/slsiap/built-in.o
 .text.PutPixel888To888
                0x0000000042c00508       0x58 arch/arm/cpu/slsiap/built-in.o
 .text.PutPixel888To8888
                0x0000000042c00560       0x28 arch/arm/cpu/slsiap/built-in.o
 .text.lcd_set_logo_bmp_addr
                0x0000000042c00588       0x10 arch/arm/cpu/slsiap/built-in.o
                0x0000000042c00588                lcd_set_logo_bmp_addr
 .text.lcd_draw_boot_logo
                0x0000000042c00598      0x8b8 arch/arm/cpu/slsiap/built-in.o
                0x0000000042c00598                lcd_draw_boot_logo
 .text.do_drawbmp
                0x0000000042c00e50       0x6c arch/arm/cpu/slsiap/built-in.o
                0x0000000042c00e50                do_drawbmp
 .text.do_loadbmp
                0x0000000042c00ebc      0x1bc arch/arm/cpu/slsiap/built-in.o
 .text.ALPHAPixel888To565
                0x0000000042c01078       0x44 arch/arm/cpu/slsiap/built-in.o
 .text.ALPHAPixel888To888
                0x0000000042c010bc       0x44 arch/arm/cpu/slsiap/built-in.o
 .text.ALPHAPixel888To8888
                0x0000000042c01100       0x1c arch/arm/cpu/slsiap/built-in.o
 .text.lcd_draw_text_eng0816
                0x0000000042c0111c      0x1e8 arch/arm/cpu/slsiap/built-in.o
 .text.lcd_debug_init
                0x0000000042c01304      0x140 arch/arm/cpu/slsiap/built-in.o
                0x0000000042c01304                lcd_debug_init
 .text.lcd_fill_rectangle
                0x0000000042c01444       0xac arch/arm/cpu/slsiap/built-in.o
                0x0000000042c01444                lcd_fill_rectangle
 .text.lcd_draw_text
                0x0000000042c014f0       0x30 arch/arm/cpu/slsiap/built-in.o
                0x0000000042c014f0                lcd_draw_text
 .text.lcd_draw_string
                0x0000000042c01520      0x1e8 arch/arm/cpu/slsiap/built-in.o
                0x0000000042c01520                lcd_draw_string
 .text.CalUSBID
                0x0000000042c01708       0xb0 arch/arm/cpu/slsiap/built-in.o
                0x0000000042c01708                CalUSBID
 .text.GetUSBID
                0x0000000042c017b8       0x10 arch/arm/cpu/slsiap/built-in.o
                0x0000000042c017b8                GetUSBID
 .text.nx_usb_write_in_fifo
                0x0000000042c017c8       0x3c arch/arm/cpu/slsiap/built-in.o
 .text.nx_udc_int_hndlr
                0x0000000042c01804      0x71c arch/arm/cpu/slsiap/built-in.o
 .text.iUSBBOOT
                0x0000000042c01f20      0x280 arch/arm/cpu/slsiap/built-in.o
                0x0000000042c01f20                iUSBBOOT
 .text.do_usbdown
                0x0000000042c021a0       0x80 arch/arm/cpu/slsiap/built-in.o
                0x0000000042c021a0                do_usbdown
 .text.mmc_get_part_table_extended
                0x0000000042c02220      0x1c8 arch/arm/cpu/slsiap/built-in.o
 .text.mmc_get_part_table
                0x0000000042c023e8       0x44 arch/arm/cpu/slsiap/built-in.o
                0x0000000042c023e8                mmc_get_part_table
 .text.mmc_make_part_table_extended
                0x0000000042c0242c      0x270 arch/arm/cpu/slsiap/built-in.o
                0x0000000042c0242c                mmc_make_part_table_extended
 .text.mmc_make_part_table
                0x0000000042c0269c      0x410 arch/arm/cpu/slsiap/built-in.o
                0x0000000042c0269c                mmc_make_part_table
 .text.do_fdisk
                0x0000000042c02aac      0x140 arch/arm/cpu/slsiap/built-in.o
 .text.fboot_reset_handler
                0x0000000042c02bec       0x30 arch/arm/cpu/slsiap/built-in.o
 .text.part_lists_print
                0x0000000042c02c1c      0x15c arch/arm/cpu/slsiap/built-in.o
 .text.parse_part_address
                0x0000000042c02d78      0x210 arch/arm/cpu/slsiap/built-in.o
 .text.parse_part_fs
                0x0000000042c02f88      0x174 arch/arm/cpu/slsiap/built-in.o
 .text.parse_part_partition
                0x0000000042c030fc      0x204 arch/arm/cpu/slsiap/built-in.o
 .text.mmc_make_parts
                0x0000000042c03300       0xd4 arch/arm/cpu/slsiap/built-in.o
 .text.mmc_part_capacity
                0x0000000042c033d4       0xc4 arch/arm/cpu/slsiap/built-in.o
 .text.mmc_check_part_table
                0x0000000042c03498       0xc8 arch/arm/cpu/slsiap/built-in.o
 .text.mmc_part_write
                0x0000000042c03560      0x394 arch/arm/cpu/slsiap/built-in.o
 .text.parse_part_device
                0x0000000042c038f4      0x2a4 arch/arm/cpu/slsiap/built-in.o
 .text.part_lists_make
                0x0000000042c03b98      0x268 arch/arm/cpu/slsiap/built-in.o
 .text.fboot_cmd_oem
                0x0000000042c03e00       0x78 arch/arm/cpu/slsiap/built-in.o
 .text.fboot_cmd_erase
                0x0000000042c03e78       0x60 arch/arm/cpu/slsiap/built-in.o
 .text.fboot_cmd_format
                0x0000000042c03ed8       0x60 arch/arm/cpu/slsiap/built-in.o
 .text.fboot_cmd_boot
                0x0000000042c03f38       0x60 arch/arm/cpu/slsiap/built-in.o
 .text.fboot_cmd_download
                0x0000000042c03f98      0x134 arch/arm/cpu/slsiap/built-in.o
 .text.fboot_cmd_reboot
                0x0000000042c040cc       0x3c arch/arm/cpu/slsiap/built-in.o
 .text.fboot_setenv.isra.1
                0x0000000042c04108      0x254 arch/arm/cpu/slsiap/built-in.o
 .text.fboot_cmd_getvar
                0x0000000042c0435c      0x3e8 arch/arm/cpu/slsiap/built-in.o
 .text.fboot_cmd_flash
                0x0000000042c04744      0x698 arch/arm/cpu/slsiap/built-in.o
 .text.fboot_rx_handler
                0x0000000042c04ddc      0x280 arch/arm/cpu/slsiap/built-in.o
 .text.do_fastboot
                0x0000000042c0505c      0x364 arch/arm/cpu/slsiap/built-in.o
 .text.fboot_usb_descriptor
                0x0000000042c053c0       0x80 arch/arm/cpu/slsiap/built-in.o
                0x0000000042c053c0                fboot_usb_descriptor
 .text.otg_bind_check
                0x0000000042c05440       0x70 arch/arm/cpu/slsiap/built-in.o
                0x0000000042c05440                otg_bind_check
 .text.GetADDR  0x0000000042c054b0       0x84 arch/arm/cpu/slsiap/built-in.o
                0x0000000042c054b0                GetADDR
 .text.GetREG   0x0000000042c05534        0xc arch/arm/cpu/slsiap/built-in.o
                0x0000000042c05534                GetREG
 .text.do_update_mmc
                0x0000000042c05540      0x428 arch/arm/cpu/slsiap/built-in.o
                0x0000000042c05540                do_update_mmc
 .text.write_raw_chunk
                0x0000000042c05968       0x40 arch/arm/cpu/slsiap/built-in.o
 .text.check_compress_ext4
                0x0000000042c059a8       0xec arch/arm/cpu/slsiap/built-in.o
                0x0000000042c059a8                check_compress_ext4
 .text.write_compressed_ext4
                0x0000000042c05a94       0x9c arch/arm/cpu/slsiap/built-in.o
                0x0000000042c05a94                write_compressed_ext4
 *fill*         0x0000000042c05b30       0x10 
 .text          0x0000000042c05b40      0x380 arch/arm/cpu/slsiap/s5p4418/built-in.o
                0x0000000042c05b40                _IRQ_STACK_START_IN_
                0x0000000042c05b60                undefined_instruction
                0x0000000042c05bc0                software_interrupt
                0x0000000042c05c20                prefetch_abort
                0x0000000042c05c80                data_abort
                0x0000000042c05ce0                not_used
                0x0000000042c05d40                irq
                0x0000000042c05da0                fiq
                0x0000000042c05e00                lowlevel_init
                0x0000000042c05e50                mmu_turn_on
                0x0000000042c05e60                enable_mmu
                0x0000000042c05ea8                disable_mmu
 .text.v7_maint_dcache_all
                0x0000000042c05ec0       0xd4 arch/arm/cpu/slsiap/s5p4418/built-in.o
 .text.invalidate_icache_all
                0x0000000042c05f94       0x18 arch/arm/cpu/slsiap/s5p4418/built-in.o
                0x0000000042c05f94                invalidate_icache_all
 .text.v7_outer_cache_enable
                0x0000000042c05fac        0x4 arch/arm/cpu/slsiap/s5p4418/built-in.o
                0x0000000042c05fac                v7_outer_cache_enable
 .text.v7_outer_cache_disable
                0x0000000042c05fb0        0x4 arch/arm/cpu/slsiap/s5p4418/built-in.o
                0x0000000042c05fb0                v7_outer_cache_disable
 .text.v7_outer_cache_flush_all
                0x0000000042c05fb4        0x4 arch/arm/cpu/slsiap/s5p4418/built-in.o
                0x0000000042c05fb4                v7_outer_cache_flush_all
 .text.flush_dcache_all
                0x0000000042c05fb8       0x14 arch/arm/cpu/slsiap/s5p4418/built-in.o
                0x0000000042c05fb8                flush_dcache_all
 .text.v7_outer_cache_inval_all
                0x0000000042c05fcc        0x4 arch/arm/cpu/slsiap/s5p4418/built-in.o
                0x0000000042c05fcc                v7_outer_cache_inval_all
 .text.invalidate_dcache_all
                0x0000000042c05fd0       0x14 arch/arm/cpu/slsiap/s5p4418/built-in.o
                0x0000000042c05fd0                invalidate_dcache_all
 .text.arm_init_before_mmu
                0x0000000042c05fe4       0x28 arch/arm/cpu/slsiap/s5p4418/built-in.o
                0x0000000042c05fe4                arm_init_before_mmu
 .text.v7_outer_cache_flush_range
                0x0000000042c0600c        0x4 arch/arm/cpu/slsiap/s5p4418/built-in.o
                0x0000000042c0600c                v7_outer_cache_flush_range
 .text.flush_dcache_range
                0x0000000042c06010       0x3c arch/arm/cpu/slsiap/s5p4418/built-in.o
                0x0000000042c06010                flush_dcache_range
 .text.mmu_page_table_flush
                0x0000000042c0604c       0x24 arch/arm/cpu/slsiap/s5p4418/built-in.o
                0x0000000042c0604c                mmu_page_table_flush
 .text.flush_cache
                0x0000000042c06070        0x8 arch/arm/cpu/slsiap/s5p4418/built-in.o
                0x0000000042c06070                flush_cache
 .text.cpu_cache_initialization
                0x0000000042c06078        0x4 arch/arm/cpu/slsiap/s5p4418/built-in.o
                0x0000000042c06078                cpu_cache_initialization
 .text.cleanup_before_linux
                0x0000000042c0607c       0x2c arch/arm/cpu/slsiap/s5p4418/built-in.o
                0x0000000042c0607c                cleanup_before_linux
 .text.enable_caches
                0x0000000042c060a8        0x4 arch/arm/cpu/slsiap/s5p4418/built-in.o
                0x0000000042c060a8                enable_caches
 .text.arch_cpu_init
                0x0000000042c060ac       0x48 arch/arm/cpu/slsiap/s5p4418/built-in.o
                0x0000000042c060ac                arch_cpu_init
 .text.print_cpuinfo
                0x0000000042c060f4       0x10 arch/arm/cpu/slsiap/s5p4418/built-in.o
                0x0000000042c060f4                print_cpuinfo
 .text.dram_init
                0x0000000042c06104       0x10 arch/arm/cpu/slsiap/s5p4418/built-in.o
                0x0000000042c06104                dram_init
 .text.dram_init_banksize
                0x0000000042c06114       0x38 arch/arm/cpu/slsiap/s5p4418/built-in.o
                0x0000000042c06114                dram_init_banksize
 .text.gdt_reset
                0x0000000042c0614c      0x14c arch/arm/cpu/slsiap/s5p4418/built-in.o
                0x0000000042c0614c                gdt_reset
 .text.arch_misc_init
                0x0000000042c06298        0x8 arch/arm/cpu/slsiap/s5p4418/built-in.o
                0x0000000042c06298                arch_misc_init
 .text.arch_preboot_os
                0x0000000042c062a0        0x4 arch/arm/cpu/slsiap/s5p4418/built-in.o
                0x0000000042c062a0                arch_preboot_os
 .text.nxp_set_bus_config
                0x0000000042c062a4      0x174 arch/arm/cpu/slsiap/s5p4418/built-in.o
                0x0000000042c062a4                nxp_set_bus_config
 .text.nxp_periph_init
                0x0000000042c06418       0x54 arch/arm/cpu/slsiap/s5p4418/built-in.o
                0x0000000042c06418                nxp_periph_init
 .text.nxp_cpu_init
                0x0000000042c0646c      0x1dc arch/arm/cpu/slsiap/s5p4418/built-in.o
                0x0000000042c0646c                nxp_cpu_init
 .text.nxp_before_linux
                0x0000000042c06648        0x4 arch/arm/cpu/slsiap/s5p4418/built-in.o
                0x0000000042c06648                nxp_before_linux
 .text.nxp_cpu_version
                0x0000000042c0664c       0x24 arch/arm/cpu/slsiap/s5p4418/built-in.o
                0x0000000042c0664c                nxp_cpu_version
 .text.nxp_print_cpuinfo
                0x0000000042c06670        0x4 arch/arm/cpu/slsiap/s5p4418/built-in.o
                0x0000000042c06670                nxp_print_cpuinfo
 .text.pll_get_div
                0x0000000042c06674       0x44 arch/arm/cpu/slsiap/s5p4418/built-in.o
 .text.pll_get_rate.constprop.3
                0x0000000042c066b8       0x78 arch/arm/cpu/slsiap/s5p4418/built-in.o
 .text.core_update_rate
                0x0000000042c06730      0x3d8 arch/arm/cpu/slsiap/s5p4418/built-in.o
 .text.clk_get  0x0000000042c06b08       0xb8 arch/arm/cpu/slsiap/s5p4418/built-in.o
                0x0000000042c06b08                clk_get
 .text.clk_get_rate
                0x0000000042c06bc0       0x14 arch/arm/cpu/slsiap/s5p4418/built-in.o
                0x0000000042c06bc0                clk_get_rate
 .text.clk_round_rate
                0x0000000042c06bd4      0x2bc arch/arm/cpu/slsiap/s5p4418/built-in.o
                0x0000000042c06bd4                clk_round_rate
 .text.clk_set_rate
                0x0000000042c06e90       0xbc arch/arm/cpu/slsiap/s5p4418/built-in.o
                0x0000000042c06e90                clk_set_rate
 .text.clk_enable
                0x0000000042c06f4c      0x13c arch/arm/cpu/slsiap/s5p4418/built-in.o
                0x0000000042c06f4c                clk_enable
 .text.clk_disable
                0x0000000042c07088       0x90 arch/arm/cpu/slsiap/s5p4418/built-in.o
                0x0000000042c07088                clk_disable
 .text.nxp_clk_init
                0x0000000042c07118      0x108 arch/arm/cpu/slsiap/s5p4418/built-in.o
                0x0000000042c07118                nxp_clk_init
 .text.nxp_clk_print
                0x0000000042c07220      0x128 arch/arm/cpu/slsiap/s5p4418/built-in.o
                0x0000000042c07220                nxp_clk_print
 .text.reset_cpu
                0x0000000042c07348       0x14 arch/arm/cpu/slsiap/s5p4418/built-in.o
                0x0000000042c07348                reset_cpu
 .text.timer_start
                0x0000000042c0735c      0x110 arch/arm/cpu/slsiap/s5p4418/built-in.o
                0x0000000042c0735c                timer_start
 .text.timer_stop
                0x0000000042c0746c       0x98 arch/arm/cpu/slsiap/s5p4418/built-in.o
                0x0000000042c0746c                timer_stop
 .text.reset_timer_masked
                0x0000000042c07504       0x70 arch/arm/cpu/slsiap/s5p4418/built-in.o
                0x0000000042c07504                reset_timer_masked
 .text.timer_init
                0x0000000042c07574      0x280 arch/arm/cpu/slsiap/s5p4418/built-in.o
                0x0000000042c07574                timer_init
 .text.get_timer_masked
                0x0000000042c077f4       0x5c arch/arm/cpu/slsiap/s5p4418/built-in.o
                0x0000000042c077f4                get_timer_masked
 .text.get_timer
                0x0000000042c07850       0x24 arch/arm/cpu/slsiap/s5p4418/built-in.o
                0x0000000042c07850                get_timer
 .text.__udelay
                0x0000000042c07874       0x90 arch/arm/cpu/slsiap/s5p4418/built-in.o
                0x0000000042c07874                __udelay
 .text.get_ticks
                0x0000000042c07904       0x10 arch/arm/cpu/slsiap/s5p4418/built-in.o
                0x0000000042c07904                get_ticks
 .text.get_tbclk
                0x0000000042c07914       0x10 arch/arm/cpu/slsiap/s5p4418/built-in.o
                0x0000000042c07914                get_tbclk
 .text.i2c_gpio_init
                0x0000000042c07924       0x64 arch/arm/cpu/slsiap/s5p4418/built-in.o
                0x0000000042c07924                i2c_gpio_init
 .text.mmu_on   0x0000000042c07988      0x1a0 arch/arm/cpu/slsiap/s5p4418/built-in.o
                0x0000000042c07988                mmu_on
 .text.NX_RSTCON_Initialize
                0x0000000042c07b28       0x2c arch/arm/cpu/slsiap/s5p4418/built-in.o
                0x0000000042c07b28                NX_RSTCON_Initialize
 .text.NX_RSTCON_GetPhysicalAddress
                0x0000000042c07b54        0xc arch/arm/cpu/slsiap/s5p4418/built-in.o
                0x0000000042c07b54                NX_RSTCON_GetPhysicalAddress
 .text.NX_RSTCON_SetBaseAddress
                0x0000000042c07b60       0x10 arch/arm/cpu/slsiap/s5p4418/built-in.o
                0x0000000042c07b60                NX_RSTCON_SetBaseAddress
 .text.NX_RSTCON_SetnRST
                0x0000000042c07b70       0x34 arch/arm/cpu/slsiap/s5p4418/built-in.o
                0x0000000042c07b70                NX_RSTCON_SetnRST
 .text.NX_RSTCON_SetRST
                0x0000000042c07ba4       0x34 arch/arm/cpu/slsiap/s5p4418/built-in.o
                0x0000000042c07ba4                NX_RSTCON_SetRST
 .text.NX_RSTCON_GetnRST
                0x0000000042c07bd8       0x24 arch/arm/cpu/slsiap/s5p4418/built-in.o
                0x0000000042c07bd8                NX_RSTCON_GetnRST
 .text.NX_CLKGEN_Initialize
                0x0000000042c07bfc       0x40 arch/arm/cpu/slsiap/s5p4418/built-in.o
                0x0000000042c07bfc                NX_CLKGEN_Initialize
 .text.NX_CLKGEN_GetNumberOfModule
                0x0000000042c07c3c        0x8 arch/arm/cpu/slsiap/s5p4418/built-in.o
                0x0000000042c07c3c                NX_CLKGEN_GetNumberOfModule
 .text.NX_CLKGEN_GetPhysicalAddress
                0x0000000042c07c44       0x10 arch/arm/cpu/slsiap/s5p4418/built-in.o
                0x0000000042c07c44                NX_CLKGEN_GetPhysicalAddress
 .text.NX_CLKGEN_SetBaseAddress
                0x0000000042c07c54       0x10 arch/arm/cpu/slsiap/s5p4418/built-in.o
                0x0000000042c07c54                NX_CLKGEN_SetBaseAddress
 .text.NX_CLKPWR_Initialize
                0x0000000042c07c64       0x2c arch/arm/cpu/slsiap/s5p4418/built-in.o
                0x0000000042c07c64                NX_CLKPWR_Initialize
 .text.NX_CLKPWR_GetPhysicalAddress
                0x0000000042c07c90        0xc arch/arm/cpu/slsiap/s5p4418/built-in.o
                0x0000000042c07c90                NX_CLKPWR_GetPhysicalAddress
 .text.NX_CLKPWR_SetBaseAddress
                0x0000000042c07c9c       0x10 arch/arm/cpu/slsiap/s5p4418/built-in.o
                0x0000000042c07c9c                NX_CLKPWR_SetBaseAddress
 .text.NX_CLKPWR_OpenModule
                0x0000000042c07cac        0x8 arch/arm/cpu/slsiap/s5p4418/built-in.o
                0x0000000042c07cac                NX_CLKPWR_OpenModule
 .text.NX_CLKPWR_SetSoftwareResetEnable
                0x0000000042c07cb4       0x20 arch/arm/cpu/slsiap/s5p4418/built-in.o
                0x0000000042c07cb4                NX_CLKPWR_SetSoftwareResetEnable
 .text.NX_CLKPWR_DoSoftwareReset
                0x0000000042c07cd4       0x18 arch/arm/cpu/slsiap/s5p4418/built-in.o
                0x0000000042c07cd4                NX_CLKPWR_DoSoftwareReset
 .text.NX_MCUS_Initialize
                0x0000000042c07cec       0x2c arch/arm/cpu/slsiap/s5p4418/built-in.o
                0x0000000042c07cec                NX_MCUS_Initialize
 .text.NX_MCUS_GetPhysicalAddress
                0x0000000042c07d18        0xc arch/arm/cpu/slsiap/s5p4418/built-in.o
                0x0000000042c07d18                NX_MCUS_GetPhysicalAddress
 .text.NX_MCUS_SetBaseAddress
                0x0000000042c07d24       0x10 arch/arm/cpu/slsiap/s5p4418/built-in.o
                0x0000000042c07d24                NX_MCUS_SetBaseAddress
 .text.NX_MCUS_OpenModule
                0x0000000042c07d34        0x8 arch/arm/cpu/slsiap/s5p4418/built-in.o
                0x0000000042c07d34                NX_MCUS_OpenModule
 .text.NX_MCUS_SetStaticBUSConfig
                0x0000000042c07d3c      0x168 arch/arm/cpu/slsiap/s5p4418/built-in.o
                0x0000000042c07d3c                NX_MCUS_SetStaticBUSConfig
 .text.NX_ALIVE_Initialize
                0x0000000042c07ea4       0x2c arch/arm/cpu/slsiap/s5p4418/built-in.o
                0x0000000042c07ea4                NX_ALIVE_Initialize
 .text.NX_ALIVE_GetPhysicalAddress
                0x0000000042c07ed0        0xc arch/arm/cpu/slsiap/s5p4418/built-in.o
                0x0000000042c07ed0                NX_ALIVE_GetPhysicalAddress
 .text.NX_ALIVE_SetBaseAddress
                0x0000000042c07edc       0x10 arch/arm/cpu/slsiap/s5p4418/built-in.o
                0x0000000042c07edc                NX_ALIVE_SetBaseAddress
 .text.NX_ALIVE_OpenModule
                0x0000000042c07eec        0x8 arch/arm/cpu/slsiap/s5p4418/built-in.o
                0x0000000042c07eec                NX_ALIVE_OpenModule
 .text.NX_ALIVE_ClearInterruptPending
                0x0000000042c07ef4       0x1c arch/arm/cpu/slsiap/s5p4418/built-in.o
                0x0000000042c07ef4                NX_ALIVE_ClearInterruptPending
 .text.NX_ALIVE_SetWriteEnable
                0x0000000042c07f10       0x14 arch/arm/cpu/slsiap/s5p4418/built-in.o
                0x0000000042c07f10                NX_ALIVE_SetWriteEnable
 .text.NX_ALIVE_SetScratchReg
                0x0000000042c07f24       0x1c arch/arm/cpu/slsiap/s5p4418/built-in.o
                0x0000000042c07f24                NX_ALIVE_SetScratchReg
 .text.NX_ALIVE_GetScratchReg
                0x0000000042c07f40       0x14 arch/arm/cpu/slsiap/s5p4418/built-in.o
                0x0000000042c07f40                NX_ALIVE_GetScratchReg
 .text.NX_ALIVE_SetPullUpEnable
                0x0000000042c07f54       0x24 arch/arm/cpu/slsiap/s5p4418/built-in.o
                0x0000000042c07f54                NX_ALIVE_SetPullUpEnable
 .text.NX_ALIVE_SetDetectEnable
                0x0000000042c07f78       0x24 arch/arm/cpu/slsiap/s5p4418/built-in.o
                0x0000000042c07f78                NX_ALIVE_SetDetectEnable
 .text.NX_ALIVE_SetDetectMode
                0x0000000042c07f9c       0xc0 arch/arm/cpu/slsiap/s5p4418/built-in.o
                0x0000000042c07f9c                NX_ALIVE_SetDetectMode
 .text.NX_ALIVE_SetOutputEnable
                0x0000000042c0805c       0x24 arch/arm/cpu/slsiap/s5p4418/built-in.o
                0x0000000042c0805c                NX_ALIVE_SetOutputEnable
 .text.NX_ALIVE_SetOutputValue
                0x0000000042c08080       0x24 arch/arm/cpu/slsiap/s5p4418/built-in.o
                0x0000000042c08080                NX_ALIVE_SetOutputValue
 .text.NX_ALIVE_GetInputValue
                0x0000000042c080a4       0x1c arch/arm/cpu/slsiap/s5p4418/built-in.o
                0x0000000042c080a4                NX_ALIVE_GetInputValue
 .text.NX_GPIO_SetBit
                0x0000000042c080c0       0x18 arch/arm/cpu/slsiap/s5p4418/built-in.o
                0x0000000042c080c0                NX_GPIO_SetBit
 .text.NX_GPIO_SetBit2
                0x0000000042c080d8       0x1c arch/arm/cpu/slsiap/s5p4418/built-in.o
                0x0000000042c080d8                NX_GPIO_SetBit2
 .text.NX_GPIO_Initialize
                0x0000000042c080f4       0x80 arch/arm/cpu/slsiap/s5p4418/built-in.o
                0x0000000042c080f4                NX_GPIO_Initialize
 .text.NX_GPIO_GetNumberOfModule
                0x0000000042c08174        0x8 arch/arm/cpu/slsiap/s5p4418/built-in.o
                0x0000000042c08174                NX_GPIO_GetNumberOfModule
 .text.NX_GPIO_GetPhysicalAddress
                0x0000000042c0817c       0x10 arch/arm/cpu/slsiap/s5p4418/built-in.o
                0x0000000042c0817c                NX_GPIO_GetPhysicalAddress
 .text.NX_GPIO_SetBaseAddress
                0x0000000042c0818c       0x10 arch/arm/cpu/slsiap/s5p4418/built-in.o
                0x0000000042c0818c                NX_GPIO_SetBaseAddress
 .text.NX_GPIO_OpenModule
                0x0000000042c0819c        0x8 arch/arm/cpu/slsiap/s5p4418/built-in.o
                0x0000000042c0819c                NX_GPIO_OpenModule
 .text.NX_GPIO_ClearInterruptPendingAll
                0x0000000042c081a4       0x18 arch/arm/cpu/slsiap/s5p4418/built-in.o
                0x0000000042c081a4                NX_GPIO_ClearInterruptPendingAll
 .text.NX_GPIO_SetInterruptMode
                0x0000000042c081bc       0x44 arch/arm/cpu/slsiap/s5p4418/built-in.o
                0x0000000042c081bc                NX_GPIO_SetInterruptMode
 .text.NX_GPIO_SetOutputEnable
                0x0000000042c08200       0x14 arch/arm/cpu/slsiap/s5p4418/built-in.o
                0x0000000042c08200                NX_GPIO_SetOutputEnable
 .text.NX_GPIO_SetOutputValue
                0x0000000042c08214       0x10 arch/arm/cpu/slsiap/s5p4418/built-in.o
                0x0000000042c08214                NX_GPIO_SetOutputValue
 .text.NX_GPIO_GetInputValue
                0x0000000042c08224       0x1c arch/arm/cpu/slsiap/s5p4418/built-in.o
                0x0000000042c08224                NX_GPIO_GetInputValue
 .text.NX_GPIO_SetPullMode
                0x0000000042c08240       0x88 arch/arm/cpu/slsiap/s5p4418/built-in.o
                0x0000000042c08240                NX_GPIO_SetPullMode
 .text.NX_GPIO_SetPadFunction
                0x0000000042c082c8       0x20 arch/arm/cpu/slsiap/s5p4418/built-in.o
                0x0000000042c082c8                NX_GPIO_SetPadFunction
 .text.NX_GPIO_SetDRV1
                0x0000000042c082e8       0x14 arch/arm/cpu/slsiap/s5p4418/built-in.o
                0x0000000042c082e8                NX_GPIO_SetDRV1
 .text.NX_GPIO_GetDRV1
                0x0000000042c082fc       0x14 arch/arm/cpu/slsiap/s5p4418/built-in.o
                0x0000000042c082fc                NX_GPIO_GetDRV1
 .text.NX_GPIO_SetDRV1_DISABLE_DEFAULT
                0x0000000042c08310       0x14 arch/arm/cpu/slsiap/s5p4418/built-in.o
                0x0000000042c08310                NX_GPIO_SetDRV1_DISABLE_DEFAULT
 .text.NX_GPIO_SetDRV0
                0x0000000042c08324       0x14 arch/arm/cpu/slsiap/s5p4418/built-in.o
                0x0000000042c08324                NX_GPIO_SetDRV0
 .text.NX_GPIO_GetDRV0
                0x0000000042c08338       0x14 arch/arm/cpu/slsiap/s5p4418/built-in.o
                0x0000000042c08338                NX_GPIO_GetDRV0
 .text.NX_GPIO_SetDRV0_DISABLE_DEFAULT
                0x0000000042c0834c       0x14 arch/arm/cpu/slsiap/s5p4418/built-in.o
                0x0000000042c0834c                NX_GPIO_SetDRV0_DISABLE_DEFAULT
 .text.NX_TIEOFF_Initialize
                0x0000000042c08360       0x2c arch/arm/cpu/slsiap/s5p4418/built-in.o
                0x0000000042c08360                NX_TIEOFF_Initialize
 .text.NX_TIEOFF_SetBaseAddress
                0x0000000042c0838c       0x10 arch/arm/cpu/slsiap/s5p4418/built-in.o
                0x0000000042c0838c                NX_TIEOFF_SetBaseAddress
 .text.NX_TIEOFF_GetPhysicalAddress
                0x0000000042c0839c        0xc arch/arm/cpu/slsiap/s5p4418/built-in.o
                0x0000000042c0839c                NX_TIEOFF_GetPhysicalAddress
 .text.NX_WDT_Initialize
                0x0000000042c083a8       0x2c arch/arm/cpu/slsiap/s5p4418/built-in.o
                0x0000000042c083a8                NX_WDT_Initialize
 .text.NX_WDT_GetPhysicalAddress
                0x0000000042c083d4        0xc arch/arm/cpu/slsiap/s5p4418/built-in.o
                0x0000000042c083d4                NX_WDT_GetPhysicalAddress
 .text.NX_WDT_SetBaseAddress
                0x0000000042c083e0       0x10 arch/arm/cpu/slsiap/s5p4418/built-in.o
                0x0000000042c083e0                NX_WDT_SetBaseAddress
 .text.NX_WDT_OpenModule
                0x0000000042c083f0        0x8 arch/arm/cpu/slsiap/s5p4418/built-in.o
                0x0000000042c083f0                NX_WDT_OpenModule
 .text.NX_WDT_GetInterruptNumber
                0x0000000042c083f8        0x8 arch/arm/cpu/slsiap/s5p4418/built-in.o
                0x0000000042c083f8                NX_WDT_GetInterruptNumber
 .text.NX_WDT_ClearInterruptPending
                0x0000000042c08400       0x18 arch/arm/cpu/slsiap/s5p4418/built-in.o
                0x0000000042c08400                NX_WDT_ClearInterruptPending
 .text.NX_WDT_SetEnable
                0x0000000042c08418       0x20 arch/arm/cpu/slsiap/s5p4418/built-in.o
                0x0000000042c08418                NX_WDT_SetEnable
 .text.NX_WDT_GetEnable
                0x0000000042c08438       0x18 arch/arm/cpu/slsiap/s5p4418/built-in.o
                0x0000000042c08438                NX_WDT_GetEnable
 .text.NX_WDT_SetResetEnable
                0x0000000042c08450       0x20 arch/arm/cpu/slsiap/s5p4418/built-in.o
                0x0000000042c08450                NX_WDT_SetResetEnable
 .text.NX_DISPLAYTOP_Initialize
                0x0000000042c08470       0x2c arch/arm/cpu/slsiap/s5p4418/built-in.o
                0x0000000042c08470                NX_DISPLAYTOP_Initialize
 .text.NX_DISPLAYTOP_GetPhysicalAddress
                0x0000000042c0849c        0xc arch/arm/cpu/slsiap/s5p4418/built-in.o
                0x0000000042c0849c                NX_DISPLAYTOP_GetPhysicalAddress
 .text.NX_DISPLAYTOP_SetBaseAddress
                0x0000000042c084a8       0x10 arch/arm/cpu/slsiap/s5p4418/built-in.o
                0x0000000042c084a8                NX_DISPLAYTOP_SetBaseAddress
 .text.NX_DISPLAYTOP_OpenModule
                0x0000000042c084b8        0x8 arch/arm/cpu/slsiap/s5p4418/built-in.o
                0x0000000042c084b8                NX_DISPLAYTOP_OpenModule
 .text.NX_DISPLAYTOP_GetResetNumber
                0x0000000042c084c0        0x8 arch/arm/cpu/slsiap/s5p4418/built-in.o
                0x0000000042c084c0                NX_DISPLAYTOP_GetResetNumber
 .text.NX_DISPLAYTOP_SetPrimaryMUX
                0x0000000042c084c8       0x14 arch/arm/cpu/slsiap/s5p4418/built-in.o
                0x0000000042c084c8                NX_DISPLAYTOP_SetPrimaryMUX
 .text.NX_DISPTOP_CLKGEN_Initialize
                0x0000000042c084dc       0x40 arch/arm/cpu/slsiap/s5p4418/built-in.o
                0x0000000042c084dc                NX_DISPTOP_CLKGEN_Initialize
 .text.NX_DUALDISPLAY_GetResetNumber
                0x0000000042c0851c        0x8 arch/arm/cpu/slsiap/s5p4418/built-in.o
                0x0000000042c0851c                NX_DUALDISPLAY_GetResetNumber
 .text.NX_MLC_Initialize
                0x0000000042c08524       0x30 arch/arm/cpu/slsiap/s5p4418/built-in.o
                0x0000000042c08524                NX_MLC_Initialize
 .text.NX_MLC_GetPhysicalAddress
                0x0000000042c08554       0x2c arch/arm/cpu/slsiap/s5p4418/built-in.o
                0x0000000042c08554                NX_MLC_GetPhysicalAddress
 .text.NX_MLC_SetBaseAddress
                0x0000000042c08580       0x10 arch/arm/cpu/slsiap/s5p4418/built-in.o
                0x0000000042c08580                NX_MLC_SetBaseAddress
 .text.NX_MLC_OpenModule
                0x0000000042c08590        0x8 arch/arm/cpu/slsiap/s5p4418/built-in.o
                0x0000000042c08590                NX_MLC_OpenModule
 .text.NX_MLC_SetClockPClkMode
                0x0000000042c08598       0x2c arch/arm/cpu/slsiap/s5p4418/built-in.o
                0x0000000042c08598                NX_MLC_SetClockPClkMode
 .text.NX_MLC_SetClockBClkMode
                0x0000000042c085c4       0x34 arch/arm/cpu/slsiap/s5p4418/built-in.o
                0x0000000042c085c4                NX_MLC_SetClockBClkMode
 .text.NX_MLC_SetTopPowerMode
                0x0000000042c085f8       0x24 arch/arm/cpu/slsiap/s5p4418/built-in.o
                0x0000000042c085f8                NX_MLC_SetTopPowerMode
 .text.NX_MLC_SetTopSleepMode
                0x0000000042c0861c       0x28 arch/arm/cpu/slsiap/s5p4418/built-in.o
                0x0000000042c0861c                NX_MLC_SetTopSleepMode
 .text.NX_MLC_SetTopDirtyFlag
                0x0000000042c08644       0x1c arch/arm/cpu/slsiap/s5p4418/built-in.o
                0x0000000042c08644                NX_MLC_SetTopDirtyFlag
 .text.NX_MLC_SetMLCEnable
                0x0000000042c08660       0x20 arch/arm/cpu/slsiap/s5p4418/built-in.o
                0x0000000042c08660                NX_MLC_SetMLCEnable
 .text.NX_MLC_SetFieldEnable
                0x0000000042c08680       0x20 arch/arm/cpu/slsiap/s5p4418/built-in.o
                0x0000000042c08680                NX_MLC_SetFieldEnable
 .text.NX_MLC_SetLayerPriority
                0x0000000042c086a0       0x20 arch/arm/cpu/slsiap/s5p4418/built-in.o
                0x0000000042c086a0                NX_MLC_SetLayerPriority
 .text.NX_MLC_SetScreenSize
                0x0000000042c086c0       0x20 arch/arm/cpu/slsiap/s5p4418/built-in.o
                0x0000000042c086c0                NX_MLC_SetScreenSize
 .text.NX_MLC_SetBackground
                0x0000000042c086e0       0x14 arch/arm/cpu/slsiap/s5p4418/built-in.o
                0x0000000042c086e0                NX_MLC_SetBackground
 .text.NX_MLC_SetDirtyFlag
                0x0000000042c086f4       0x40 arch/arm/cpu/slsiap/s5p4418/built-in.o
                0x0000000042c086f4                NX_MLC_SetDirtyFlag
 .text.NX_MLC_SetLayerEnable
                0x0000000042c08734       0x48 arch/arm/cpu/slsiap/s5p4418/built-in.o
                0x0000000042c08734                NX_MLC_SetLayerEnable
 .text.NX_MLC_SetLockSize
                0x0000000042c0877c       0x38 arch/arm/cpu/slsiap/s5p4418/built-in.o
                0x0000000042c0877c                NX_MLC_SetLockSize
 .text.NX_MLC_SetAlphaBlending
                0x0000000042c087b4       0x64 arch/arm/cpu/slsiap/s5p4418/built-in.o
                0x0000000042c087b4                NX_MLC_SetAlphaBlending
 .text.NX_MLC_SetTransparency
                0x0000000042c08818       0x44 arch/arm/cpu/slsiap/s5p4418/built-in.o
                0x0000000042c08818                NX_MLC_SetTransparency
 .text.NX_MLC_SetColorInversion
                0x0000000042c0885c       0x44 arch/arm/cpu/slsiap/s5p4418/built-in.o
                0x0000000042c0885c                NX_MLC_SetColorInversion
 .text.NX_MLC_SetFormatRGB
                0x0000000042c088a0       0x34 arch/arm/cpu/slsiap/s5p4418/built-in.o
                0x0000000042c088a0                NX_MLC_SetFormatRGB
 .text.NX_MLC_SetPosition
                0x0000000042c088d4       0xa4 arch/arm/cpu/slsiap/s5p4418/built-in.o
                0x0000000042c088d4                NX_MLC_SetPosition
 .text.NX_MLC_SetDitherEnableWhenUsingGamma
                0x0000000042c08978       0x20 arch/arm/cpu/slsiap/s5p4418/built-in.o
                0x0000000042c08978                NX_MLC_SetDitherEnableWhenUsingGamma
 .text.NX_MLC_SetGammaPriority
                0x0000000042c08998       0x20 arch/arm/cpu/slsiap/s5p4418/built-in.o
                0x0000000042c08998                NX_MLC_SetGammaPriority
 .text.NX_MLC_SetRGBLayerInvalidPosition
                0x0000000042c089b8       0x6c arch/arm/cpu/slsiap/s5p4418/built-in.o
                0x0000000042c089b8                NX_MLC_SetRGBLayerInvalidPosition
 .text.NX_MLC_SetRGBLayerStride
                0x0000000042c08a24       0x48 arch/arm/cpu/slsiap/s5p4418/built-in.o
                0x0000000042c08a24                NX_MLC_SetRGBLayerStride
 .text.NX_MLC_SetRGBLayerAddress
                0x0000000042c08a6c       0x30 arch/arm/cpu/slsiap/s5p4418/built-in.o
                0x0000000042c08a6c                NX_MLC_SetRGBLayerAddress
 .text.NX_MLC_SetRGBLayerGamaTablePowerMode
                0x0000000042c08a9c       0x2c arch/arm/cpu/slsiap/s5p4418/built-in.o
                0x0000000042c08a9c                NX_MLC_SetRGBLayerGamaTablePowerMode
 .text.NX_MLC_SetRGBLayerGamaTableSleepMode
                0x0000000042c08ac8       0x3c arch/arm/cpu/slsiap/s5p4418/built-in.o
                0x0000000042c08ac8                NX_MLC_SetRGBLayerGamaTableSleepMode
 .text.NX_MLC_SetRGBLayerGammaEnable
                0x0000000042c08b04       0x20 arch/arm/cpu/slsiap/s5p4418/built-in.o
                0x0000000042c08b04                NX_MLC_SetRGBLayerGammaEnable
 .text.NX_DPC_Initialize
                0x0000000042c08b24       0x30 arch/arm/cpu/slsiap/s5p4418/built-in.o
                0x0000000042c08b24                NX_DPC_Initialize
 .text.NX_DPC_GetPhysicalAddress
                0x0000000042c08b54       0x2c arch/arm/cpu/slsiap/s5p4418/built-in.o
                0x0000000042c08b54                NX_DPC_GetPhysicalAddress
 .text.NX_DPC_SetBaseAddress
                0x0000000042c08b80       0x10 arch/arm/cpu/slsiap/s5p4418/built-in.o
                0x0000000042c08b80                NX_DPC_SetBaseAddress
 .text.NX_DPC_OpenModule
                0x0000000042c08b90        0x8 arch/arm/cpu/slsiap/s5p4418/built-in.o
                0x0000000042c08b90                NX_DPC_OpenModule
 .text.NX_DPC_SetClockPClkMode
                0x0000000042c08b98       0x2c arch/arm/cpu/slsiap/s5p4418/built-in.o
                0x0000000042c08b98                NX_DPC_SetClockPClkMode
 .text.NX_DPC_SetClockSource
                0x0000000042c08bc4       0x24 arch/arm/cpu/slsiap/s5p4418/built-in.o
                0x0000000042c08bc4                NX_DPC_SetClockSource
 .text.NX_DPC_SetClockDivisor
                0x0000000042c08be8       0x2c arch/arm/cpu/slsiap/s5p4418/built-in.o
                0x0000000042c08be8                NX_DPC_SetClockDivisor
 .text.NX_DPC_SetClockOutInv
                0x0000000042c08c14       0x24 arch/arm/cpu/slsiap/s5p4418/built-in.o
                0x0000000042c08c14                NX_DPC_SetClockOutInv
 .text.NX_DPC_SetClockOutDelay
                0x0000000042c08c38       0x24 arch/arm/cpu/slsiap/s5p4418/built-in.o
                0x0000000042c08c38                NX_DPC_SetClockOutDelay
 .text.NX_DPC_SetClockDivisorEnable
                0x0000000042c08c5c       0x20 arch/arm/cpu/slsiap/s5p4418/built-in.o
                0x0000000042c08c5c                NX_DPC_SetClockDivisorEnable
 .text.NX_DPC_SetDPCEnable
                0x0000000042c08c7c       0x20 arch/arm/cpu/slsiap/s5p4418/built-in.o
                0x0000000042c08c7c                NX_DPC_SetDPCEnable
 .text.NX_DPC_SetDelay
                0x0000000042c08c9c       0x30 arch/arm/cpu/slsiap/s5p4418/built-in.o
                0x0000000042c08c9c                NX_DPC_SetDelay
 .text.NX_DPC_SetDither
                0x0000000042c08ccc       0x28 arch/arm/cpu/slsiap/s5p4418/built-in.o
                0x0000000042c08ccc                NX_DPC_SetDither
 .text.NX_DPC_SetMode
                0x0000000042c08cf4       0xe0 arch/arm/cpu/slsiap/s5p4418/built-in.o
                0x0000000042c08cf4                NX_DPC_SetMode
 .text.NX_DPC_SetHSync
                0x0000000042c08dd4       0x5c arch/arm/cpu/slsiap/s5p4418/built-in.o
                0x0000000042c08dd4                NX_DPC_SetHSync
 .text.NX_DPC_SetVSync
                0x0000000042c08e30       0x9c arch/arm/cpu/slsiap/s5p4418/built-in.o
                0x0000000042c08e30                NX_DPC_SetVSync
 .text.NX_DPC_SetVSyncOffset
                0x0000000042c08ecc       0x24 arch/arm/cpu/slsiap/s5p4418/built-in.o
                0x0000000042c08ecc                NX_DPC_SetVSyncOffset
 .text.pwm_init
                0x0000000042c08ef0       0x78 arch/arm/cpu/slsiap/s5p4418/built-in.o
                0x0000000042c08ef0                pwm_init
 .text.pwm_config
                0x0000000042c08f68      0x3a0 arch/arm/cpu/slsiap/s5p4418/built-in.o
                0x0000000042c08f68                pwm_config
 .text.pwm_enable
                0x0000000042c09308       0x30 arch/arm/cpu/slsiap/s5p4418/built-in.o
                0x0000000042c09308                pwm_enable
 .text.send_start
                0x0000000042c09338       0x64 arch/arm/cpu/slsiap/s5p4418/built-in.o
 .text.send_stop
                0x0000000042c0939c       0x60 arch/arm/cpu/slsiap/s5p4418/built-in.o
 .text.write_byte
                0x0000000042c093fc       0xc8 arch/arm/cpu/slsiap/s5p4418/built-in.o
 .text.do_i2c_mode
                0x0000000042c094c4       0xcc arch/arm/cpu/slsiap/s5p4418/built-in.o
                0x0000000042c094c4                do_i2c_mode
 .text.i2c_get_bus_num
                0x0000000042c09590       0x10 arch/arm/cpu/slsiap/s5p4418/built-in.o
                0x0000000042c09590                i2c_get_bus_num
 .text.i2c_set_bus_speed
                0x0000000042c095a0       0x78 arch/arm/cpu/slsiap/s5p4418/built-in.o
                0x0000000042c095a0                i2c_set_bus_speed
 .text.i2c_set_bus_num
                0x0000000042c09618       0x4c arch/arm/cpu/slsiap/s5p4418/built-in.o
                0x0000000042c09618                i2c_set_bus_num
 .text.i2c_get_bus_speed
                0x0000000042c09664       0x18 arch/arm/cpu/slsiap/s5p4418/built-in.o
                0x0000000042c09664                i2c_get_bus_speed
 .text.i2c_init
                0x0000000042c0967c       0x24 arch/arm/cpu/slsiap/s5p4418/built-in.o
                0x0000000042c0967c                i2c_init
 .text.i2c_write
                0x0000000042c096a0      0x114 arch/arm/cpu/slsiap/s5p4418/built-in.o
                0x0000000042c096a0                i2c_write
 .text.i2c_read
                0x0000000042c097b4      0x16c arch/arm/cpu/slsiap/s5p4418/built-in.o
                0x0000000042c097b4                i2c_read
 .text.i2c_probe
                0x0000000042c09920       0x5c arch/arm/cpu/slsiap/s5p4418/built-in.o
                0x0000000042c09920                i2c_probe
 .text.nxe2000_i2c_read.isra.0
                0x0000000042c0997c       0x2c arch/arm/cpu/slsiap/s5p4418/built-in.o
 .text.nxe2000_i2c_write.isra.1
                0x0000000042c099a8       0x30 arch/arm/cpu/slsiap/s5p4418/built-in.o
 .text.power_pmic_function_init
                0x0000000042c099d8       0x2c arch/arm/cpu/slsiap/s5p4418/built-in.o
                0x0000000042c099d8                power_pmic_function_init
 .text.bd_pmic_init
                0x0000000042c09a04      0x584 arch/arm/cpu/slsiap/s5p4418/built-in.o
                0x0000000042c09a04                bd_pmic_init
 .text.power_update_battery
                0x0000000042c09f88      0x104 arch/arm/cpu/slsiap/s5p4418/built-in.o
 .text.power_check_battery
                0x0000000042c0a08c      0x158 arch/arm/cpu/slsiap/s5p4418/built-in.o
 .text.power_check_ibatt
                0x0000000042c0a1e4       0xa4 arch/arm/cpu/slsiap/s5p4418/built-in.o
 .text.power_nxe2000_fg_init
                0x0000000042c0a288       0x74 arch/arm/cpu/slsiap/s5p4418/built-in.o
                0x0000000042c0a288                power_nxe2000_fg_init
 .text.pmic_chrg_get_type
                0x0000000042c0a2fc        0x8 arch/arm/cpu/slsiap/s5p4418/built-in.o
 .text.pmic_charger_bat_present
                0x0000000042c0a304       0x50 arch/arm/cpu/slsiap/s5p4418/built-in.o
 .text.pmic_charger_state
                0x0000000042c0a354       0xa8 arch/arm/cpu/slsiap/s5p4418/built-in.o
 .text.power_pmic_init
                0x0000000042c0a3fc       0x74 arch/arm/cpu/slsiap/s5p4418/built-in.o
                0x0000000042c0a3fc                power_pmic_init
 .text.muic_chrg_get_type
                0x0000000042c0a470      0x158 arch/arm/cpu/slsiap/s5p4418/built-in.o
 .text.power_nxe2000_muic_init
                0x0000000042c0a5c8       0x8c arch/arm/cpu/slsiap/s5p4418/built-in.o
                0x0000000042c0a5c8                power_nxe2000_muic_init
 .text.dw_mci_clksel
                0x0000000042c0a654       0x14 arch/arm/cpu/slsiap/s5p4418/built-in.o
 .text.dw_mci_get_clk
                0x0000000042c0a668       0x50 arch/arm/cpu/slsiap/s5p4418/built-in.o
 .text.dw_mci_init.constprop.1
                0x0000000042c0a6b8      0x110 arch/arm/cpu/slsiap/s5p4418/built-in.o
 .text.board_mmc_init
                0x0000000042c0a7c8       0xac arch/arm/cpu/slsiap/s5p4418/built-in.o
                0x0000000042c0a7c8                board_mmc_init
 .text.disp_lcd_device
                0x0000000042c0a874       0x14 arch/arm/cpu/slsiap/s5p4418/built-in.o
                0x0000000042c0a874                disp_lcd_device
 .text.disp_initialize
                0x0000000042c0a888       0x24 arch/arm/cpu/slsiap/s5p4418/built-in.o
                0x0000000042c0a888                disp_initialize
 .text.disp_topctl_reset
                0x0000000042c0a8ac       0x30 arch/arm/cpu/slsiap/s5p4418/built-in.o
                0x0000000042c0a8ac                disp_topctl_reset
 .text.disp_syncgen_reset
                0x0000000042c0a8dc       0x34 arch/arm/cpu/slsiap/s5p4418/built-in.o
                0x0000000042c0a8dc                disp_syncgen_reset
 .text.disp_syncgen_init
                0x0000000042c0a910       0x30 arch/arm/cpu/slsiap/s5p4418/built-in.o
                0x0000000042c0a910                disp_syncgen_init
 .text.disp_syncgen_enable
                0x0000000042c0a940       0x28 arch/arm/cpu/slsiap/s5p4418/built-in.o
                0x0000000042c0a940                disp_syncgen_enable
 .text.disp_syncgen_setup
                0x0000000042c0a968      0x2a0 arch/arm/cpu/slsiap/s5p4418/built-in.o
                0x0000000042c0a968                disp_syncgen_setup
 .text.disp_multily_init
                0x0000000042c0ac08       0x3c arch/arm/cpu/slsiap/s5p4418/built-in.o
                0x0000000042c0ac08                disp_multily_init
 .text.disp_multily_enable
                0x0000000042c0ac44       0x44 arch/arm/cpu/slsiap/s5p4418/built-in.o
                0x0000000042c0ac44                disp_multily_enable
 .text.disp_multily_setup
                0x0000000042c0ac88      0x1d8 arch/arm/cpu/slsiap/s5p4418/built-in.o
                0x0000000042c0ac88                disp_multily_setup
 .text.display_rgb
                0x0000000042c0ae60       0xd8 arch/arm/cpu/slsiap/s5p4418/built-in.o
                0x0000000042c0ae60                display_rgb
 .text.nxp_gpio_direction_output
                0x0000000042c0af38       0x60 arch/arm/cpu/slsiap/s5p4418/built-in.o
                0x0000000042c0af38                nxp_gpio_direction_output
 .text.nxp_gpio_direction_input
                0x0000000042c0af98       0x24 arch/arm/cpu/slsiap/s5p4418/built-in.o
                0x0000000042c0af98                nxp_gpio_direction_input
 .text.nxp_gpio_get_value
                0x0000000042c0afbc       0x1c arch/arm/cpu/slsiap/s5p4418/built-in.o
                0x0000000042c0afbc                nxp_gpio_get_value
 .text.gpio_direction_input
                0x0000000042c0afd8       0x10 arch/arm/cpu/slsiap/s5p4418/built-in.o
                0x0000000042c0afd8                gpio_direction_input
 .text.gpio_direction_output
                0x0000000042c0afe8       0x10 arch/arm/cpu/slsiap/s5p4418/built-in.o
                0x0000000042c0afe8                gpio_direction_output
 .text.gpio_get_value
                0x0000000042c0aff8        0x4 arch/arm/cpu/slsiap/s5p4418/built-in.o
                0x0000000042c0aff8                gpio_get_value
 .text.s3c_usb_core_soft_reset
                0x0000000042c0affc       0x28 arch/arm/cpu/slsiap/s5p4418/built-in.o
 .text.s3c_usb_write_ep0_fifo
                0x0000000042c0b024       0x50 arch/arm/cpu/slsiap/s5p4418/built-in.o
 .text.s3c_usb_write_in_fifo
                0x0000000042c0b074       0x50 arch/arm/cpu/slsiap/s5p4418/built-in.o
 .text.s3c_usb_read_out_fifo
                0x0000000042c0b0c4       0x4c arch/arm/cpu/slsiap/s5p4418/built-in.o
 .text.s3c_usb_set_inep_xfersize.part.0
                0x0000000042c0b110       0x1c arch/arm/cpu/slsiap/s5p4418/built-in.o
 .text.fboot_usb_int_bulkin
                0x0000000042c0b12c       0xc8 arch/arm/cpu/slsiap/s5p4418/built-in.o
                0x0000000042c0b12c                fboot_usb_int_bulkin
 .text.fboot_usb_int_bulkout
                0x0000000042c0b1f4       0x94 arch/arm/cpu/slsiap/s5p4418/built-in.o
                0x0000000042c0b1f4                fboot_usb_int_bulkout
 .text.fboot_usb_set_descriptors
                0x0000000042c0b288      0x1a4 arch/arm/cpu/slsiap/s5p4418/built-in.o
                0x0000000042c0b288                fboot_usb_set_descriptors
 .text.fastboot_getvar
                0x0000000042c0b42c        0x8 arch/arm/cpu/slsiap/s5p4418/built-in.o
                0x0000000042c0b42c                fastboot_getvar
 .text.s3c_usbctl_init
                0x0000000042c0b434      0x198 arch/arm/cpu/slsiap/s5p4418/built-in.o
                0x0000000042c0b434                s3c_usbctl_init
 .text.fboot_usbctl_init
                0x0000000042c0b5cc       0x20 arch/arm/cpu/slsiap/s5p4418/built-in.o
                0x0000000042c0b5cc                fboot_usbctl_init
 .text.fastboot_init
                0x0000000042c0b5ec       0xcc arch/arm/cpu/slsiap/s5p4418/built-in.o
                0x0000000042c0b5ec                fastboot_init
 .text.s3c_usb_stop
                0x0000000042c0b6b8       0x14 arch/arm/cpu/slsiap/s5p4418/built-in.o
                0x0000000042c0b6b8                s3c_usb_stop
 .text.fastboot_shutdown
                0x0000000042c0b6cc        0x4 arch/arm/cpu/slsiap/s5p4418/built-in.o
                0x0000000042c0b6cc                fastboot_shutdown
 .text.dwc_otg_get_ep0_state
                0x0000000042c0b6d0       0x10 arch/arm/cpu/slsiap/s5p4418/built-in.o
                0x0000000042c0b6d0                dwc_otg_get_ep0_state
 .text.dwc_otg_clear_ep0_state
                0x0000000042c0b6e0       0x14 arch/arm/cpu/slsiap/s5p4418/built-in.o
                0x0000000042c0b6e0                dwc_otg_clear_ep0_state
 .text.s3c_udc_int_hndlr
                0x0000000042c0b6f4     0x2108 arch/arm/cpu/slsiap/s5p4418/built-in.o
                0x0000000042c0b6f4                s3c_udc_int_hndlr
 .text.fastboot_poll
                0x0000000042c0d7fc       0x78 arch/arm/cpu/slsiap/s5p4418/built-in.o
                0x0000000042c0d7fc                fastboot_poll
 .text.fastboot_tx_status
                0x0000000042c0d874       0x80 arch/arm/cpu/slsiap/s5p4418/built-in.o
                0x0000000042c0d874                fastboot_tx_status
 .text.otg_clk_enable
                0x0000000042c0d8f4        0x4 arch/arm/cpu/slsiap/s5p4418/built-in.o
                0x0000000042c0d8f4                otg_clk_enable
 .text.otg_phy_init
                0x0000000042c0d8f8      0x114 arch/arm/cpu/slsiap/s5p4418/built-in.o
                0x0000000042c0d8f8                otg_phy_init
 .text.otg_phy_off
                0x0000000042c0da0c       0xc0 arch/arm/cpu/slsiap/s5p4418/built-in.o
                0x0000000042c0da0c                otg_phy_off
 .text.boot_jump_linux.isra.4
                0x0000000042c0dacc       0xa4 arch/arm/lib/built-in.o
 .text.arch_lmb_reserve
                0x0000000042c0db70       0x24 arch/arm/lib/built-in.o
                0x0000000042c0db70                arch_lmb_reserve
 .text.boot_prep_linux.isra.5
                0x0000000042c0db94       0xd0 arch/arm/lib/built-in.o
 .text.do_bootm_linux
                0x0000000042c0dc64       0x60 arch/arm/lib/built-in.o
                0x0000000042c0dc64                do_bootm_linux
 .text.boot_prep_vxworks
                0x0000000042c0dcc4        0x4 arch/arm/lib/built-in.o
                0x0000000042c0dcc4                boot_prep_vxworks
 .text.boot_jump_vxworks
                0x0000000042c0dcc8       0x14 arch/arm/lib/built-in.o
                0x0000000042c0dcc8                boot_jump_vxworks
 .text.interrupt_init
                0x0000000042c0dcdc       0x1c arch/arm/lib/built-in.o
                0x0000000042c0dcdc                interrupt_init
 .text.enable_interrupts
                0x0000000042c0dcf8        0x4 arch/arm/lib/built-in.o
                0x0000000042c0dcf8                enable_interrupts
 .text.disable_interrupts
                0x0000000042c0dcfc        0x8 arch/arm/lib/built-in.o
                0x0000000042c0dcfc                disable_interrupts
 .text.bad_mode
                0x0000000042c0dd04       0x10 arch/arm/lib/built-in.o
                0x0000000042c0dd04                bad_mode
 .text.show_regs
                0x0000000042c0dd14      0x13c arch/arm/lib/built-in.o
                0x0000000042c0dd14                show_regs
 .text.do_undefined_instruction
                0x0000000042c0de50       0x20 arch/arm/lib/built-in.o
                0x0000000042c0de50                do_undefined_instruction
 .text.do_software_interrupt
                0x0000000042c0de70       0x20 arch/arm/lib/built-in.o
                0x0000000042c0de70                do_software_interrupt
 .text.do_prefetch_abort
                0x0000000042c0de90       0x20 arch/arm/lib/built-in.o
                0x0000000042c0de90                do_prefetch_abort
 .text.do_data_abort
                0x0000000042c0deb0       0x20 arch/arm/lib/built-in.o
                0x0000000042c0deb0                do_data_abort
 .text.do_not_used
                0x0000000042c0ded0       0x20 arch/arm/lib/built-in.o
                0x0000000042c0ded0                do_not_used
 .text.do_fiq   0x0000000042c0def0       0x20 arch/arm/lib/built-in.o
                0x0000000042c0def0                do_fiq
 .text.do_irq   0x0000000042c0df10       0x20 arch/arm/lib/built-in.o
                0x0000000042c0df10                do_irq
 .text.do_reset
                0x0000000042c0df30       0x2c arch/arm/lib/built-in.o
                0x0000000042c0df30                do_reset
 .text.cp_delay
                0x0000000042c0df5c       0x30 arch/arm/lib/built-in.o
 .text.icache_disable
                0x0000000042c0df8c       0x1c arch/arm/lib/built-in.o
                0x0000000042c0df8c                icache_disable
 .text.dcache_disable
                0x0000000042c0dfa8       0x28 arch/arm/lib/built-in.o
                0x0000000042c0dfa8                dcache_disable
 .text.bd_gpio_init
                0x0000000042c0dfd0      0x19c board/s5p4418/lepus/built-in.o
 .text.board_eth_init
                0x0000000042c0e16c        0x8 board/s5p4418/lepus/built-in.o
                0x0000000042c0e16c                board_eth_init
 .text.board_early_init_f
                0x0000000042c0e174      0x118 board/s5p4418/lepus/built-in.o
                0x0000000042c0e174                board_early_init_f
 .text.board_init
                0x0000000042c0e28c        0x8 board/s5p4418/lepus/built-in.o
                0x0000000042c0e28c                board_init
 .text.power_init_board
                0x0000000042c0e294        0x4 board/s5p4418/lepus/built-in.o
                0x0000000042c0e294                power_init_board
 .text.bd_display_run
                0x0000000042c0e298       0xac board/s5p4418/lepus/built-in.o
                0x0000000042c0e298                bd_display_run
 .text.board_late_init
                0x0000000042c0e344      0x198 board/s5p4418/lepus/built-in.o
                0x0000000042c0e344                board_late_init
 .text.bd_display
                0x0000000042c0e4dc      0x108 board/s5p4418/lepus/built-in.o
                0x0000000042c0e4dc                bd_display
 .text.fboot_lcd_start
                0x0000000042c0e5e4       0x9c board/s5p4418/lepus/built-in.o
                0x0000000042c0e5e4                fboot_lcd_start
 .text.fboot_lcd_stop
                0x0000000042c0e680       0x10 board/s5p4418/lepus/built-in.o
                0x0000000042c0e680                fboot_lcd_stop
 .text.fboot_lcd_part
                0x0000000042c0e690       0x64 board/s5p4418/lepus/built-in.o
                0x0000000042c0e690                fboot_lcd_part
 .text.fboot_lcd_down
                0x0000000042c0e6f4       0x58 board/s5p4418/lepus/built-in.o
                0x0000000042c0e6f4                fboot_lcd_down
 .text.fboot_lcd_flash
                0x0000000042c0e74c       0x64 board/s5p4418/lepus/built-in.o
                0x0000000042c0e74c                fboot_lcd_flash
 .text.fboot_lcd_status
                0x0000000042c0e7b0       0x58 board/s5p4418/lepus/built-in.o
                0x0000000042c0e7b0                fboot_lcd_status
 .text.__show_boot_progress
                0x0000000042c0e808        0x4 common/built-in.o
                0x0000000042c0e808                __show_boot_progress
                0x0000000042c0e808                show_boot_progress
 .text.main_loop
                0x0000000042c0e80c       0x20 common/built-in.o
                0x0000000042c0e80c                main_loop
 .text.find_cmd_tbl
                0x0000000042c0e82c       0xa4 common/built-in.o
                0x0000000042c0e82c                find_cmd_tbl
 .text.find_cmd
                0x0000000042c0e8d0       0x28 common/built-in.o
                0x0000000042c0e8d0                find_cmd
 .text.cmd_usage
                0x0000000042c0e8f8       0x5c common/built-in.o
                0x0000000042c0e8f8                cmd_usage
 .text._do_help
                0x0000000042c0e954      0x184 common/built-in.o
                0x0000000042c0e954                _do_help
 .text.cmd_get_data_size
                0x0000000042c0ead8       0x5c common/built-in.o
                0x0000000042c0ead8                cmd_get_data_size
 .text.cmd_process
                0x0000000042c0eb34       0xe8 common/built-in.o
                0x0000000042c0eb34                cmd_process
 .text.dummy    0x0000000042c0ec1c        0x4 common/built-in.o
 .text.get_version
                0x0000000042c0ec20        0x8 common/built-in.o
                0x0000000042c0ec20                get_version
 .text.jumptable_init
                0x0000000042c0ec28      0x1a0 common/built-in.o
                0x0000000042c0ec28                jumptable_init
 .text.hash_command
                0x0000000042c0edc8       0xa0 common/built-in.o
                0x0000000042c0edc8                hash_command
 .text.b_reset  0x0000000042c0ee68       0x1c common/built-in.o
 .text.static_get
                0x0000000042c0ee84       0x1c common/built-in.o
 .text.static_peek
                0x0000000042c0eea0        0xc common/built-in.o
 .text.file_peek
                0x0000000042c0eeac        0xc common/built-in.o
 .text.mapset   0x0000000042c0eeb8       0x20 common/built-in.o
 .text.syntax_err
                0x0000000042c0eed8        0xc common/built-in.o
 .text.free_pipe_list
                0x0000000042c0eee4       0xf0 common/built-in.o
 .text.xmalloc  0x0000000042c0efd4       0x20 common/built-in.o
 .text.new_pipe
                0x0000000042c0eff4       0x28 common/built-in.o
 .text.xrealloc
                0x0000000042c0f01c       0x20 common/built-in.o
 .text.done_command
                0x0000000042c0f03c       0x8c common/built-in.o
 .text.done_pipe
                0x0000000042c0f0c8       0x48 common/built-in.o
 .text.done_word
                0x0000000042c0f110      0x2d8 common/built-in.o
 .text.do_showvar
                0x0000000042c0f3e8       0xf0 common/built-in.o
 .text.is_assignment
                0x0000000042c0f4d8       0x54 common/built-in.o
 .text.file_get
                0x0000000042c0f52c      0x1d0 common/built-in.o
 .text.b_addchr
                0x0000000042c0f6fc       0x80 common/built-in.o
 .text.b_addqchr
                0x0000000042c0f77c       0x50 common/built-in.o
 .text.get_local_var
                0x0000000042c0f7cc       0x94 common/built-in.o
                0x0000000042c0f7cc                get_local_var
 .text.set_local_var
                0x0000000042c0f860      0x1a8 common/built-in.o
                0x0000000042c0f860                set_local_var
 .text.insert_var_value_sub
                0x0000000042c0fa08      0x2a8 common/built-in.o
 .text.parse_string_outer
                0x0000000042c0fcb0       0xe4 common/built-in.o
                0x0000000042c0fcb0                parse_string_outer
 .text.run_list_real
                0x0000000042c0fd94      0x7e4 common/built-in.o
 .text.parse_stream_outer
                0x0000000042c10578      0x6c4 common/built-in.o
 .text.parse_file_outer
                0x0000000042c10c3c       0x44 common/built-in.o
                0x0000000042c10c3c                parse_file_outer
 .text.u_boot_hush_start
                0x0000000042c10c80       0x54 common/built-in.o
                0x0000000042c10c80                u_boot_hush_start
 .text.run_command
                0x0000000042c10cd4        0x8 common/built-in.o
                0x0000000042c10cd4                run_command
 .text.run_command_list
                0x0000000042c10cdc       0x5c common/built-in.o
                0x0000000042c10cdc                run_command_list
 .text.do_run   0x0000000042c10d38       0x74 common/built-in.o
                0x0000000042c10d38                do_run
 .text.cli_loop
                0x0000000042c10dac        0xc common/built-in.o
                0x0000000042c10dac                cli_loop
 .text.cli_init
                0x0000000042c10db8        0x4 common/built-in.o
                0x0000000042c10db8                cli_init
 .text.delete_char.part.0
                0x0000000042c10dbc       0xd0 common/built-in.o
 .text.cread_add_char
                0x0000000042c10e8c       0xe8 common/built-in.o
 .text.cli_readline_into_buffer
                0x0000000042c10f74      0x8fc common/built-in.o
                0x0000000042c10f74                cli_readline_into_buffer
 .text.cli_readline
                0x0000000042c11870       0x14 common/built-in.o
                0x0000000042c11870                cli_readline
 .text.bootdelay_process
                0x0000000042c11884       0x48 common/built-in.o
                0x0000000042c11884                bootdelay_process
 .text.autoboot_command
                0x0000000042c118cc       0xfc common/built-in.o
                0x0000000042c118cc                autoboot_command
 .text.trace_early_init
                0x0000000042c119c8        0x8 common/built-in.o
 .text.display_text_info
                0x0000000042c119d0        0x8 common/built-in.o
 .text.setup_mon_len
                0x0000000042c119d8       0x20 common/built-in.o
 .text.reserve_round_4k
                0x0000000042c119f8       0x18 common/built-in.o
 .text.reserve_mmu
                0x0000000042c11a10       0x38 common/built-in.o
 .text.reserve_trace
                0x0000000042c11a48        0x8 common/built-in.o
 .text.reserve_uboot
                0x0000000042c11a50       0x30 common/built-in.o
 .text.reserve_malloc
                0x0000000042c11a80       0x14 common/built-in.o
 .text.setup_machine
                0x0000000042c11a94        0x8 common/built-in.o
 .text.reserve_global_data
                0x0000000042c11a9c       0x1c common/built-in.o
 .text.reserve_fdt
                0x0000000042c11ab8       0x4c common/built-in.o
 .text.reserve_stacks
                0x0000000042c11b04       0x34 common/built-in.o
 .text.display_new_sp
                0x0000000042c11b38        0x8 common/built-in.o
 .text.setup_reloc
                0x0000000042c11b40       0x2c common/built-in.o
 .text.reloc_fdt
                0x0000000042c11b6c       0x30 common/built-in.o
 .text.reserve_board
                0x0000000042c11b9c       0x30 common/built-in.o
 .text.announce_dram_init
                0x0000000042c11bcc       0x18 common/built-in.o
 .text.init_func_i2c
                0x0000000042c11be4       0x34 common/built-in.o
 .text.init_baud_rate
                0x0000000042c11c18       0x2c common/built-in.o
 .text.setup_fdt
                0x0000000042c11c44       0x28 common/built-in.o
 .text.mark_bootstage
                0x0000000042c11c6c       0x14 common/built-in.o
 .text.__board_add_ram_info
                0x0000000042c11c80        0x4 common/built-in.o
                0x0000000042c11c80                __board_add_ram_info
                0x0000000042c11c80                board_add_ram_info
 .text.show_dram_config
                0x0000000042c11c84       0x34 common/built-in.o
 .text.setup_dram_config
                0x0000000042c11cb8       0x10 common/built-in.o
 .text.board_get_usable_ram_top
                0x0000000042c11cc8        0x8 common/built-in.o
                0x0000000042c11cc8                board_get_usable_ram_top
 .text.setup_dest_addr
                0x0000000042c11cd0       0x40 common/built-in.o
 .text.board_init_f
                0x0000000042c11d10       0x4c common/built-in.o
                0x0000000042c11d10                board_init_f
 .text.bootstage_relocate
                0x0000000042c11d5c        0x8 common/built-in.o
 .text.initr_trace
                0x0000000042c11d64        0x8 common/built-in.o
 .text.initr_reloc_global_data
                0x0000000042c11d6c       0x28 common/built-in.o
 .text.initr_barrier
                0x0000000042c11d94        0x8 common/built-in.o
 .text.initr_announce
                0x0000000042c11d9c        0x8 common/built-in.o
 .text.initr_mmc
                0x0000000042c11da4       0x20 common/built-in.o
                0x0000000042c11da4                initr_mmc
 .text.run_main_loop
                0x0000000042c11dc4        0xc common/built-in.o
 .text.initr_net
                0x0000000042c11dd0       0x20 common/built-in.o
 .text.initr_ethaddr
                0x0000000042c11df0       0x20 common/built-in.o
 .text.initr_enable_interrupts
                0x0000000042c11e10       0x10 common/built-in.o
 .text.initr_jumptable
                0x0000000042c11e20       0x10 common/built-in.o
 .text.initr_env
                0x0000000042c11e30       0x30 common/built-in.o
 .text.initr_malloc
                0x0000000042c11e60       0x1c common/built-in.o
 .text.initr_serial
                0x0000000042c11e7c       0x10 common/built-in.o
 .text.initr_caches
                0x0000000042c11e8c       0x10 common/built-in.o
 .text.initr_reloc
                0x0000000042c11e9c       0x20 common/built-in.o
 .text.__cpu_secondary_init_r
                0x0000000042c11ebc        0x4 common/built-in.o
                0x0000000042c11ebc                cpu_secondary_init_r
                0x0000000042c11ebc                __cpu_secondary_init_r
 .text.initr_secondary_cpu
                0x0000000042c11ec0       0x10 common/built-in.o
 .text.board_init_r
                0x0000000042c11ed0       0x18 common/built-in.o
                0x0000000042c11ed0                board_init_r
 .text.do_go_exec
                0x0000000042c11ee8       0x18 common/built-in.o
                0x0000000042c11ee8                do_go_exec
 .text.do_go    0x0000000042c11f00       0x70 common/built-in.o
 .text.do_bootm
                0x0000000042c11f70      0x100 common/built-in.o
                0x0000000042c11f70                do_bootm
 .text.do_bootd
                0x0000000042c12070       0x20 common/built-in.o
                0x0000000042c12070                do_bootd
 .text.image_info
                0x0000000042c12090       0xd0 common/built-in.o
 .text.do_iminfo
                0x0000000042c12160       0x60 common/built-in.o
 .text.bootm_maybe_autostart
                0x0000000042c121c0       0x78 common/built-in.o
                0x0000000042c121c0                bootm_maybe_autostart
 .text.bootm_find_ramdisk_fdt
                0x0000000042c12238       0x4c common/built-in.o
                0x0000000042c12238                bootm_find_ramdisk_fdt
 .text.do_bootm_states
                0x0000000042c12284      0x748 common/built-in.o
                0x0000000042c12284                do_bootm_states
 .text.do_bootm_standalone
                0x0000000042c129cc       0x64 common/built-in.o
 .text.do_bootm_plan9
                0x0000000042c12a30       0xcc common/built-in.o
 .text.do_bootvx_fdt
                0x0000000042c12afc       0x3c common/built-in.o
                0x0000000042c12afc                do_bootvx_fdt
 .text.do_bootm_vxworks
                0x0000000042c12b38       0x24 common/built-in.o
 .text.boot_selected_os
                0x0000000042c12b5c       0x5c common/built-in.o
                0x0000000042c12b5c                boot_selected_os
 .text.bootm_os_get_boot_func
                0x0000000042c12bb8       0x10 common/built-in.o
                0x0000000042c12bb8                bootm_os_get_boot_func
 .text.do_help  0x0000000042c12bc8       0x48 common/built-in.o
 .text.do_version
                0x0000000042c12c10       0x38 common/built-in.o
 .text.env_attr_walk
                0x0000000042c12c48      0x110 common/built-in.o
                0x0000000042c12c48                env_attr_walk
 .text.env_attr_lookup
                0x0000000042c12d58      0x184 common/built-in.o
                0x0000000042c12d58                env_attr_lookup
 .text.clear_callback
                0x0000000042c12edc       0x10 common/built-in.o
 .text.find_env_callback
                0x0000000042c12eec       0x64 common/built-in.o
 .text.on_callbacks
                0x0000000042c12f50       0x48 common/built-in.o
 .text.set_callback
                0x0000000042c12f98       0x94 common/built-in.o
 .text.env_callback_init
                0x0000000042c1302c       0xc4 common/built-in.o
                0x0000000042c1302c                env_callback_init
 .text.skip_num
                0x0000000042c130f0       0x74 common/built-in.o
 .text.clear_flags
                0x0000000042c13164       0x10 common/built-in.o
 .text.on_flags
                0x0000000042c13174       0x48 common/built-in.o
 .text.env_flags_parse_vartype
                0x0000000042c131bc       0x50 common/built-in.o
                0x0000000042c131bc                env_flags_parse_vartype
 .text.env_flags_parse_varaccess
                0x0000000042c1320c       0x58 common/built-in.o
                0x0000000042c1320c                env_flags_parse_varaccess
 .text.set_flags
                0x0000000042c13264       0xac common/built-in.o
 .text.env_flags_init
                0x0000000042c13310       0xd8 common/built-in.o
                0x0000000042c13310                env_flags_init
 .text.env_flags_validate
                0x0000000042c133e8      0x30c common/built-in.o
                0x0000000042c133e8                env_flags_validate
 .text.init_mmc_for_env
                0x0000000042c136f4       0x34 common/built-in.o
 .text.mmc_get_env_addr
                0x0000000042c13728       0x10 common/built-in.o
                0x0000000042c13728                mmc_get_env_addr
 .text.env_init
                0x0000000042c13738       0x1c common/built-in.o
                0x0000000042c13738                env_init
 .text.saveenv  0x0000000042c13754      0x104 common/built-in.o
                0x0000000042c13754                saveenv
 .text.env_relocate_spec
                0x0000000042c13858       0xcc common/built-in.o
                0x0000000042c13858                env_relocate_spec
 .text.source   0x0000000042c13924       0xdc common/built-in.o
                0x0000000042c13924                source
 .text.do_source
                0x0000000042c13a00       0x44 common/built-in.o
                0x0000000042c13a00                do_source
 .text.print_num
                0x0000000042c13a44       0x18 common/built-in.o
 .text.do_bdinfo
                0x0000000042c13a5c      0x17c common/built-in.o
                0x0000000042c13a5c                do_bdinfo
 .text.do_exit  0x0000000042c13bd8       0x30 common/built-in.o
 .text.do_ext4_load
                0x0000000042c13c08       0x18 common/built-in.o
                0x0000000042c13c08                do_ext4_load
 .text.do_ext4_ls
                0x0000000042c13c20       0x18 common/built-in.o
                0x0000000042c13c20                do_ext4_ls
 .text.do_ext4_write
                0x0000000042c13c38       0xf4 common/built-in.o
                0x0000000042c13c38                do_ext4_write
 .text.do_fat_fsload
                0x0000000042c13d2c       0x18 common/built-in.o
                0x0000000042c13d2c                do_fat_fsload
 .text.do_fat_ls
                0x0000000042c13d44       0x18 common/built-in.o
 .text.do_fat_fsinfo
                0x0000000042c13d5c       0x90 common/built-in.o
 .text.do_fat_fswrite
                0x0000000042c13dec       0xfc common/built-in.o
 .text.get_alen
                0x0000000042c13ee8       0x3c common/built-in.o
 .text.do_i2c   0x0000000042c13f24       0x5c common/built-in.o
 .text.do_i2c_reset
                0x0000000042c13f80       0x1c common/built-in.o
 .text.do_i2c_mw
                0x0000000042c13f9c       0xec common/built-in.o
 .text.do_i2c_read
                0x0000000042c14088       0xb0 common/built-in.o
 .text.do_i2c_probe
                0x0000000042c14138       0x9c common/built-in.o
 .text.do_i2c_md
                0x0000000042c141d4      0x1d8 common/built-in.o
 .text.do_i2c_crc
                0x0000000042c143ac      0x114 common/built-in.o
 .text.do_i2c_bus_num
                0x0000000042c144c0       0x74 common/built-in.o
                0x0000000042c144c0                do_i2c_bus_num
 .text.do_i2c_write
                0x0000000042c14534       0xf0 common/built-in.o
 .text.do_i2c_loop
                0x0000000042c14624       0xd8 common/built-in.o
 .text.mod_i2c_mem.isra.3
                0x0000000042c146fc      0x1e4 common/built-in.o
 .text.do_i2c_nm
                0x0000000042c148e0        0x8 common/built-in.o
 .text.do_i2c_mm
                0x0000000042c148e8        0x8 common/built-in.o
 .text.do_i2c_bus_speed
                0x0000000042c148f0       0x74 common/built-in.o
 .text.do_mem_mw
                0x0000000042c14964       0xc0 common/built-in.o
 .text.do_mem_loop
                0x0000000042c14a24       0xf8 common/built-in.o
 .text.do_mem_md
                0x0000000042c14b1c       0xe8 common/built-in.o
 .text.do_mem_cmp
                0x0000000042c14c04      0x168 common/built-in.o
 .text.do_mem_base
                0x0000000042c14d6c       0x40 common/built-in.o
 .text.do_mem_cp
                0x0000000042c14dac       0xd8 common/built-in.o
 .text.do_mem_crc
                0x0000000042c14e84       0x4c common/built-in.o
 .text.mod_mem.isra.2
                0x0000000042c14ed0      0x168 common/built-in.o
 .text.do_mem_mm
                0x0000000042c15038        0x8 common/built-in.o
 .text.do_mem_nm
                0x0000000042c15040        0x8 common/built-in.o
 .text.do_mmcops
                0x0000000042c15048       0xb4 common/built-in.o
 .text.init_mmc_device
                0x0000000042c150fc       0x54 common/built-in.o
 .text.do_mmc_rescan
                0x0000000042c15150       0x24 common/built-in.o
 .text.do_mmc_list
                0x0000000042c15174       0x14 common/built-in.o
 .text.do_mmc_dev
                0x0000000042c15188      0x134 common/built-in.o
 .text.do_mmc_part
                0x0000000042c152bc       0x5c common/built-in.o
 .text.do_mmc_erase
                0x0000000042c15318       0xe8 common/built-in.o
 .text.do_mmc_write
                0x0000000042c15400       0xb8 common/built-in.o
 .text.do_mmc_read
                0x0000000042c154b8       0xec common/built-in.o
 .text.do_mmcinfo
                0x0000000042c155a4      0x170 common/built-in.o
 .text.do_mmc_setdsr
                0x0000000042c15714       0xb0 common/built-in.o
 .text.netboot_common
                0x0000000042c157c4      0x2a0 common/built-in.o
 .text.do_bootp
                0x0000000042c15a64        0xc common/built-in.o
 .text.do_tftpb
                0x0000000042c15a70       0x40 common/built-in.o
                0x0000000042c15a70                do_tftpb
 .text.do_false
                0x0000000042c15ab0        0x8 common/built-in.o
 .text.do_true  0x0000000042c15ab8        0x8 common/built-in.o
 .text.do_test  0x0000000042c15ac0      0x350 common/built-in.o
 .text.do_env_delete
                0x0000000042c15e10       0xa4 common/built-in.o
 .text.do_env_save
                0x0000000042c15eb4       0x2c common/built-in.o
 .text.do_env   0x0000000042c15ee0       0x5c common/built-in.o
 .text.env_print
                0x0000000042c15f3c       0xc0 common/built-in.o
 .text.do_env_print
                0x0000000042c15ffc       0xc4 common/built-in.o
 .text.do_env_import
                0x0000000042c160c0      0x25c common/built-in.o
 .text.do_env_default
                0x0000000042c1631c       0xb8 common/built-in.o
 .text._do_env_set.isra.1
                0x0000000042c163d4      0x1c4 common/built-in.o
 .text.do_env_set
                0x0000000042c16598       0x1c common/built-in.o
 .text.get_env_id
                0x0000000042c165b4       0x10 common/built-in.o
                0x0000000042c165b4                get_env_id
 .text.setenv   0x0000000042c165c4       0x58 common/built-in.o
                0x0000000042c165c4                setenv
 .text.setenv_hex
                0x0000000042c1661c       0x34 common/built-in.o
                0x0000000042c1661c                setenv_hex
 .text.do_env_export
                0x0000000042c16650      0x270 common/built-in.o
 .text.envmatch
                0x0000000042c168c0       0x70 common/built-in.o
                0x0000000042c168c0                envmatch
 .text.getenv_f
                0x0000000042c16930       0xc4 common/built-in.o
                0x0000000042c16930                getenv_f
 .text.getenv   0x0000000042c169f4       0x78 common/built-in.o
                0x0000000042c169f4                getenv
 .text.getenv_ulong
                0x0000000042c16a6c       0x30 common/built-in.o
                0x0000000042c16a6c                getenv_ulong
 .text.__env_get_char_spec
                0x0000000042c16a9c        0xc common/built-in.o
                0x0000000042c16a9c                env_get_char_spec
 .text.env_get_addr
                0x0000000042c16aa8       0x20 common/built-in.o
                0x0000000042c16aa8                env_get_addr
 .text.env_get_char_memory
                0x0000000042c16ac8       0x10 common/built-in.o
                0x0000000042c16ac8                env_get_char_memory
 .text.env_get_char
                0x0000000042c16ad8       0x3c common/built-in.o
                0x0000000042c16ad8                env_get_char
 .text.getenv_yesno
                0x0000000042c16b14       0x48 common/built-in.o
                0x0000000042c16b14                getenv_yesno
 .text.getenv_default
                0x0000000042c16b5c       0x30 common/built-in.o
                0x0000000042c16b5c                getenv_default
 .text.set_default_env
                0x0000000042c16b8c       0xbc common/built-in.o
                0x0000000042c16b8c                set_default_env
 .text.set_default_vars
                0x0000000042c16c48       0x34 common/built-in.o
                0x0000000042c16c48                set_default_vars
 .text.env_import
                0x0000000042c16c7c       0xdc common/built-in.o
                0x0000000042c16c7c                env_import
 .text.env_export
                0x0000000042c16d58       0xa0 common/built-in.o
                0x0000000042c16d58                env_export
 .text.env_relocate
                0x0000000042c16df8       0x30 common/built-in.o
                0x0000000042c16df8                env_relocate
 .text.console_setfile
                0x0000000042c16e28       0xa0 common/built-in.o
 .text.fgetc    0x0000000042c16ec8       0x2c common/built-in.o
                0x0000000042c16ec8                fgetc
 .text.ftstc    0x0000000042c16ef4       0x2c common/built-in.o
                0x0000000042c16ef4                ftstc
 .text.fputc    0x0000000042c16f20       0x28 common/built-in.o
                0x0000000042c16f20                fputc
 .text.getc     0x0000000042c16f48       0x24 common/built-in.o
                0x0000000042c16f48                getc
 .text.tstc     0x0000000042c16f6c       0x24 common/built-in.o
                0x0000000042c16f6c                tstc
 .text.putc     0x0000000042c16f90       0x28 common/built-in.o
                0x0000000042c16f90                putc
 .text.puts     0x0000000042c16fb8       0x3c common/built-in.o
                0x0000000042c16fb8                puts
 .text.printf   0x0000000042c16ff4       0x50 common/built-in.o
                0x0000000042c16ff4                printf
 .text.vprintf  0x0000000042c17044       0x48 common/built-in.o
                0x0000000042c17044                vprintf
 .text.ctrlc    0x0000000042c1708c       0x58 common/built-in.o
                0x0000000042c1708c                ctrlc
 .text.had_ctrlc
                0x0000000042c170e4       0x10 common/built-in.o
                0x0000000042c170e4                had_ctrlc
 .text.clear_ctrlc
                0x0000000042c170f4       0x14 common/built-in.o
                0x0000000042c170f4                clear_ctrlc
 .text.search_device
                0x0000000042c17108       0x30 common/built-in.o
                0x0000000042c17108                search_device
 .text.console_assign
                0x0000000042c17138       0x44 common/built-in.o
                0x0000000042c17138                console_assign
 .text.on_console
                0x0000000042c1717c       0xb8 common/built-in.o
 .text.console_init_f
                0x0000000042c17234       0x10 common/built-in.o
                0x0000000042c17234                console_init_f
 .text.stdio_print_current_devices
                0x0000000042c17244       0xb0 common/built-in.o
                0x0000000042c17244                stdio_print_current_devices
 .text.console_init_r
                0x0000000042c172f4       0xd4 common/built-in.o
                0x0000000042c172f4                console_init_r
 .text.sbrk     0x0000000042c173c8       0x70 common/built-in.o
                0x0000000042c173c8                sbrk
 .text.mem_malloc_init
                0x0000000042c17438       0x34 common/built-in.o
                0x0000000042c17438                mem_malloc_init
 .text.malloc_trim
                0x0000000042c1746c       0xcc common/built-in.o
                0x0000000042c1746c                malloc_trim
 .text.free     0x0000000042c17538      0x230 common/built-in.o
                0x0000000042c17538                free
 .text.malloc   0x0000000042c17768      0x5dc common/built-in.o
                0x0000000042c17768                malloc
 .text.calloc   0x0000000042c17d44       0xdc common/built-in.o
                0x0000000042c17d44                calloc
 .text.realloc  0x0000000042c17e20      0x4c0 common/built-in.o
                0x0000000042c17e20                realloc
 .text.memalign
                0x0000000042c182e0      0x10c common/built-in.o
                0x0000000042c182e0                memalign
 .text.on_loadaddr
                0x0000000042c183ec       0x38 common/built-in.o
 .text.image_check_hcrc
                0x0000000042c18424       0x4c common/built-in.o
                0x0000000042c18424                image_check_hcrc
 .text.image_check_dcrc
                0x0000000042c18470       0x38 common/built-in.o
                0x0000000042c18470                image_check_dcrc
 .text.image_multi_count
                0x0000000042c184a8       0x1c common/built-in.o
                0x0000000042c184a8                image_multi_count
 .text.image_multi_getimg
                0x0000000042c184c4       0x84 common/built-in.o
                0x0000000042c184c4                image_multi_getimg
 .text.getenv_bootm_low
                0x0000000042c18548       0x30 common/built-in.o
                0x0000000042c18548                getenv_bootm_low
 .text.getenv_bootm_size
                0x0000000042c18578       0x5c common/built-in.o
                0x0000000042c18578                getenv_bootm_size
 .text.memmove_wd
                0x0000000042c185d4        0xc common/built-in.o
                0x0000000042c185d4                memmove_wd
 .text.genimg_print_size
                0x0000000042c185e0       0x30 common/built-in.o
                0x0000000042c185e0                genimg_print_size
 .text.get_table_entry_name
                0x0000000042c18610       0x2c common/built-in.o
                0x0000000042c18610                get_table_entry_name
 .text.genimg_get_os_name
                0x0000000042c1863c       0x18 common/built-in.o
                0x0000000042c1863c                genimg_get_os_name
 .text.genimg_get_arch_name
                0x0000000042c18654       0x18 common/built-in.o
                0x0000000042c18654                genimg_get_arch_name
 .text.genimg_get_type_name
                0x0000000042c1866c       0x18 common/built-in.o
                0x0000000042c1866c                genimg_get_type_name
 .text.genimg_get_comp_name
                0x0000000042c18684       0x18 common/built-in.o
                0x0000000042c18684                genimg_get_comp_name
 .text.image_print_contents
                0x0000000042c1869c      0x16c common/built-in.o
                0x0000000042c1869c                image_print_contents
 .text.genimg_get_format
                0x0000000042c18808       0x20 common/built-in.o
                0x0000000042c18808                genimg_get_format
 .text.genimg_get_image
                0x0000000042c18828        0x4 common/built-in.o
                0x0000000042c18828                genimg_get_image
 .text.boot_get_ramdisk
                0x0000000042c1882c      0x23c common/built-in.o
                0x0000000042c1882c                boot_get_ramdisk
 .text.boot_ramdisk_high
                0x0000000042c18a68      0x128 common/built-in.o
                0x0000000042c18a68                boot_ramdisk_high
 .text.get_effective_memsize
                0x0000000042c18b90        0x8 common/built-in.o
                0x0000000042c18b90                get_effective_memsize
 .text.stdio_get_list
                0x0000000042c18b98        0xc common/built-in.o
                0x0000000042c18b98                stdio_get_list
 .text.stdio_get_by_name
                0x0000000042c18ba4       0x4c common/built-in.o
                0x0000000042c18ba4                stdio_get_by_name
 .text.stdio_clone
                0x0000000042c18bf0       0x40 common/built-in.o
                0x0000000042c18bf0                stdio_clone
 .text.stdio_register
                0x0000000042c18c30       0x44 common/built-in.o
                0x0000000042c18c30                stdio_register
 .text.stdio_init
                0x0000000042c18c74       0x9c common/built-in.o
                0x0000000042c18c74                stdio_init
 .text.get_dev_hwpart
                0x0000000042c18d10       0xa4 disk/built-in.o
                0x0000000042c18d10                get_dev_hwpart
 .text.dev_print
                0x0000000042c18db4      0x22c disk/built-in.o
                0x0000000042c18db4                dev_print
 .text.init_part
                0x0000000042c18fe0       0x20 disk/built-in.o
                0x0000000042c18fe0                init_part
 .text.print_part
                0x0000000042c19000      0x108 disk/built-in.o
                0x0000000042c19000                print_part
 .text.get_partition_info
                0x0000000042c19108       0x28 disk/built-in.o
                0x0000000042c19108                get_partition_info
 .text.get_device
                0x0000000042c19130      0x118 disk/built-in.o
                0x0000000042c19130                get_device
 .text.get_device_and_partition
                0x0000000042c19248      0x444 disk/built-in.o
                0x0000000042c19248                get_device_and_partition
 .text.test_block_type
                0x0000000042c1968c       0x7c disk/built-in.o
 .text.print_partition_extended
                0x0000000042c19708      0x25c disk/built-in.o
 .text.get_partition_info_extended.constprop.2
                0x0000000042c19964      0x2e8 disk/built-in.o
 .text.test_part_dos
                0x0000000042c19c4c       0x60 disk/built-in.o
                0x0000000042c19c4c                test_part_dos
 .text.print_part_dos
                0x0000000042c19cac       0x34 disk/built-in.o
                0x0000000042c19cac                print_part_dos
 .text.get_partition_info_dos
                0x0000000042c19ce0       0x20 disk/built-in.o
                0x0000000042c19ce0                get_partition_info_dos
 .text.mmc_set_ios
                0x0000000042c19d00       0x20 drivers/mmc/built-in.o
 .text.mmc_set_capacity
                0x0000000042c19d20       0xac drivers/mmc/built-in.o
 .text.board_mmc_getwp
                0x0000000042c19dcc        0x8 drivers/mmc/built-in.o
                0x0000000042c19dcc                board_mmc_getwp
 .text.mmc_getwp
                0x0000000042c19dd4       0x3c drivers/mmc/built-in.o
                0x0000000042c19dd4                mmc_getwp
 .text.__board_mmc_getcd
                0x0000000042c19e10        0x8 drivers/mmc/built-in.o
                0x0000000042c19e10                __board_mmc_getcd
                0x0000000042c19e10                board_mmc_getcd
 .text.mmc_send_cmd
                0x0000000042c19e18       0x18 drivers/mmc/built-in.o
                0x0000000042c19e18                mmc_send_cmd
 .text.mmc_go_idle
                0x0000000042c19e30       0x4c drivers/mmc/built-in.o
 .text.mmc_send_op_cond_iter
                0x0000000042c19e7c       0x80 drivers/mmc/built-in.o
 .text.mmc_send_ext_csd
                0x0000000042c19efc       0x4c drivers/mmc/built-in.o
 .text.mmc_send_status
                0x0000000042c19f48       0xcc drivers/mmc/built-in.o
                0x0000000042c19f48                mmc_send_status
 .text.mmc_switch.isra.1
                0x0000000042c1a014       0x54 drivers/mmc/built-in.o
 .text.mmc_set_blocklen
                0x0000000042c1a068       0x3c drivers/mmc/built-in.o
                0x0000000042c1a068                mmc_set_blocklen
 .text.find_mmc_device
                0x0000000042c1a0a4       0x4c drivers/mmc/built-in.o
                0x0000000042c1a0a4                find_mmc_device
 .text.mmc_bread
                0x0000000042c1a0f0      0x13c drivers/mmc/built-in.o
 .text.mmc_send_op_cond
                0x0000000042c1a22c       0x74 drivers/mmc/built-in.o
                0x0000000042c1a22c                mmc_send_op_cond
 .text.mmc_complete_op_cond
                0x0000000042c1a2a0       0x8c drivers/mmc/built-in.o
                0x0000000042c1a2a0                mmc_complete_op_cond
 .text.mmc_switch_part
                0x0000000042c1a32c       0x4c drivers/mmc/built-in.o
                0x0000000042c1a32c                mmc_switch_part
 .text.mmc_select_hwpart
                0x0000000042c1a378       0x6c drivers/mmc/built-in.o
                0x0000000042c1a378                mmc_select_hwpart
 .text.mmc_getcd
                0x0000000042c1a3e4       0x3c drivers/mmc/built-in.o
                0x0000000042c1a3e4                mmc_getcd
 .text.mmc_set_clock
                0x0000000042c1a420       0x24 drivers/mmc/built-in.o
                0x0000000042c1a420                mmc_set_clock
 .text.mmc_startup
                0x0000000042c1a444      0xb8c drivers/mmc/built-in.o
 .text.mmc_create
                0x0000000042c1afd0       0xf8 drivers/mmc/built-in.o
                0x0000000042c1afd0                mmc_create
 .text.mmc_start_init
                0x0000000042c1b0c8      0x224 drivers/mmc/built-in.o
                0x0000000042c1b0c8                mmc_start_init
 .text.mmc_init
                0x0000000042c1b2ec       0x8c drivers/mmc/built-in.o
                0x0000000042c1b2ec                mmc_init
 .text.mmc_get_dev
                0x0000000042c1b378       0x2c drivers/mmc/built-in.o
                0x0000000042c1b378                mmc_get_dev
 .text.mmc_set_dsr
                0x0000000042c1b3a4        0xc drivers/mmc/built-in.o
                0x0000000042c1b3a4                mmc_set_dsr
 .text.__def_mmc_init
                0x0000000042c1b3b0        0x8 drivers/mmc/built-in.o
                0x0000000042c1b3b0                cpu_mmc_init
 .text.print_mmc_devices
                0x0000000042c1b3b8       0x6c drivers/mmc/built-in.o
                0x0000000042c1b3b8                print_mmc_devices
 .text.get_mmc_num
                0x0000000042c1b424       0x10 drivers/mmc/built-in.o